Archive member included to satisfy reference by file (symbol)

c:/program files (x86)/atmel/studio/7.0/toolchain/avr8/avr8-gnu-toolchain/bin/../lib/gcc/avr/5.4.0/avr4\libgcc.a(_udivmodqi4.o)
                              main.o (__udivmodqi4)
c:/program files (x86)/atmel/studio/7.0/toolchain/avr8/avr8-gnu-toolchain/bin/../lib/gcc/avr/5.4.0/avr4\libgcc.a(_divmodqi4.o)
                              MenuSettings.o (__divmodqi4)
c:/program files (x86)/atmel/studio/7.0/toolchain/avr8/avr8-gnu-toolchain/bin/../lib/gcc/avr/5.4.0/avr4\libgcc.a(_udivmodhi4.o)
                              LED.o (__udivmodhi4)
c:/program files (x86)/atmel/studio/7.0/toolchain/avr8/avr8-gnu-toolchain/bin/../lib/gcc/avr/5.4.0/avr4\libgcc.a(_divmodhi4.o)
                              LED.o (__divmodhi4)
c:/program files (x86)/atmel/studio/7.0/toolchain/avr8/avr8-gnu-toolchain/bin/../lib/gcc/avr/5.4.0/avr4\libgcc.a(_udivmodsi4.o)
                              main.o (__udivmodsi4)
c:/program files (x86)/atmel/studio/7.0/toolchain/avr8/avr8-gnu-toolchain/bin/../lib/gcc/avr/5.4.0/avr4\libgcc.a(_divmodsi4.o)
                              bmp180.o (__divmodsi4)
c:/program files (x86)/atmel/studio/7.0/toolchain/avr8/avr8-gnu-toolchain/bin/../lib/gcc/avr/5.4.0/avr4\libgcc.a(_negsi2.o)
                              c:/program files (x86)/atmel/studio/7.0/toolchain/avr8/avr8-gnu-toolchain/bin/../lib/gcc/avr/5.4.0/avr4\libgcc.a(_divmodsi4.o) (__negsi2)
c:/program files (x86)/atmel/studio/7.0/toolchain/avr8/avr8-gnu-toolchain/bin/../lib/gcc/avr/5.4.0/avr4\libgcc.a(_exit.o)
                              C:/Program Files (x86)/Atmel/Studio/7.0/Packs/atmel/ATmega_DFP/1.6.364/gcc/dev/atmega8a/avr4/crtatmega8a.o (exit)
c:/program files (x86)/atmel/studio/7.0/toolchain/avr8/avr8-gnu-toolchain/bin/../lib/gcc/avr/5.4.0/avr4\libgcc.a(_copy_data.o)
                              main.o (__do_copy_data)
c:/program files (x86)/atmel/studio/7.0/toolchain/avr8/avr8-gnu-toolchain/bin/../lib/gcc/avr/5.4.0/avr4\libgcc.a(_clear_bss.o)
                              bmp180.o (__do_clear_bss)
c:/program files (x86)/atmel/studio/7.0/toolchain/avr8/avr8-gnu-toolchain/bin/../lib/gcc/avr/5.4.0/avr4\libgcc.a(_muluhisi3.o)
                              bmp180.o (__muluhisi3)
c:/program files (x86)/atmel/studio/7.0/toolchain/avr8/avr8-gnu-toolchain/bin/../lib/gcc/avr/5.4.0/avr4\libgcc.a(_mulshisi3.o)
                              MenuSettings.o (__mulshisi3)
c:/program files (x86)/atmel/studio/7.0/toolchain/avr8/avr8-gnu-toolchain/bin/../lib/gcc/avr/5.4.0/avr4\libgcc.a(_umulhisi3.o)
                              c:/program files (x86)/atmel/studio/7.0/toolchain/avr8/avr8-gnu-toolchain/bin/../lib/gcc/avr/5.4.0/avr4\libgcc.a(_muluhisi3.o) (__umulhisi3)
C:/Program Files (x86)/Atmel/Studio/7.0/Packs/atmel/ATmega_DFP/1.6.364/gcc/dev/atmega8a/avr4\libatmega8a.a(eerd_byte.o)
                              EEPROM.o (eeprom_read_byte)
C:/Program Files (x86)/Atmel/Studio/7.0/Packs/atmel/ATmega_DFP/1.6.364/gcc/dev/atmega8a/avr4\libatmega8a.a(eerd_word.o)
                              EEPROM.o (eeprom_read_word)
C:/Program Files (x86)/Atmel/Studio/7.0/Packs/atmel/ATmega_DFP/1.6.364/gcc/dev/atmega8a/avr4\libatmega8a.a(eewr_byte.o)
                              EEPROM.o (eeprom_write_byte)
C:/Program Files (x86)/Atmel/Studio/7.0/Packs/atmel/ATmega_DFP/1.6.364/gcc/dev/atmega8a/avr4\libatmega8a.a(eewr_word.o)
                              EEPROM.o (eeprom_write_word)
C:/Program Files (x86)/Atmel/Studio/7.0/Packs/atmel/ATmega_DFP/1.6.364/gcc/dev/atmega8a/avr4\libatmega8a.a(eerd_block.o)
                              C:/Program Files (x86)/Atmel/Studio/7.0/Packs/atmel/ATmega_DFP/1.6.364/gcc/dev/atmega8a/avr4\libatmega8a.a(eerd_word.o) (eeprom_read_blraw)

Allocating common symbols
Common symbol       size              file

p                   0x4               bmp180.o
b2                  0x2               bmp180.o
Alarm               0xc               EEPROM.o
XSB                 0x4               bmp180.o
mb                  0x2               bmp180.o
ac1                 0x2               bmp180.o
Ind                 0xc               EEPROM.o
bmp180_data         0x4               main.o
alarm_number        0x1               EEPROM.o
b1                  0x2               bmp180.o
color_angle         0x2               EEPROM.o
time_change_flag    0x1               EEPROM.o
selectable_alarm_point
                    0x1               EEPROM.o
ac6                 0x2               bmp180.o
Status              0x1               EEPROM.o
ac5                 0x2               bmp180.o
ac2                 0x2               bmp180.o
b4                  0x4               bmp180.o
x2                  0x4               bmp180.o
start_correct_flag  0x1               main.o
LSB                 0x4               bmp180.o
md                  0x2               bmp180.o
ac4                 0x2               bmp180.o
i                   0x1               EEPROM.o
b7                  0x4               bmp180.o
MSB                 0x4               bmp180.o
mc                  0x2               bmp180.o
flag_settings_delay
                    0x1               main.o
correct_us          0x2               main.o
temp_or_press_flag  0x1               main.o
b5                  0x4               bmp180.o
x3                  0x4               bmp180.o
x1                  0x4               bmp180.o
b3                  0x4               bmp180.o
total_us            0x4               main.o
flag_start_led      0x1               EEPROM.o
LED                 0x3               EEPROM.o
Time                0xb               EEPROM.o
b6                  0x4               bmp180.o
no_points_global    0x1               EEPROM.o
ac3                 0x2               bmp180.o

Discarded input sections

 .data          0x00000000        0x0 C:/Program Files (x86)/Atmel/Studio/7.0/Packs/atmel/ATmega_DFP/1.6.364/gcc/dev/atmega8a/avr4/crtatmega8a.o
 .bss           0x00000000        0x0 C:/Program Files (x86)/Atmel/Studio/7.0/Packs/atmel/ATmega_DFP/1.6.364/gcc/dev/atmega8a/avr4/crtatmega8a.o
 .group         0x00000000        0x8 bmp180.o
 .group         0x00000000        0x8 bmp180.o
 .group         0x00000000        0x8 bmp180.o
 .group         0x00000000        0x8 bmp180.o
 .group         0x00000000        0x8 bmp180.o
 .group         0x00000000        0x8 bmp180.o
 .group         0x00000000        0x8 bmp180.o
 .group         0x00000000        0x8 bmp180.o
 .group         0x00000000        0x8 bmp180.o
 .group         0x00000000        0x8 bmp180.o
 .group         0x00000000        0x8 bmp180.o
 .text          0x00000000        0x0 bmp180.o
 .data          0x00000000        0x0 bmp180.o
 .bss           0x00000000        0x0 bmp180.o
 .text.BMP180_calc_press
                0x00000000        0x8 bmp180.o
 .group         0x00000000        0x8 Buttons.o
 .group         0x00000000        0x8 Buttons.o
 .group         0x00000000        0x8 Buttons.o
 .group         0x00000000        0x8 Buttons.o
 .group         0x00000000        0x8 Buttons.o
 .group         0x00000000        0x8 Buttons.o
 .group         0x00000000        0x8 Buttons.o
 .group         0x00000000        0x8 Buttons.o
 .group         0x00000000        0x8 Buttons.o
 .group         0x00000000        0x8 Buttons.o
 .group         0x00000000        0x8 Buttons.o
 .group         0x00000000        0x8 Buttons.o
 .group         0x00000000        0x8 Buttons.o
 .text          0x00000000        0x0 Buttons.o
 .data          0x00000000        0x0 Buttons.o
 .bss           0x00000000        0x0 Buttons.o
 .debug_macro   0x00000000      0xa48 Buttons.o
 .debug_macro   0x00000000       0x10 Buttons.o
 .debug_macro   0x00000000      0x1c9 Buttons.o
 .debug_macro   0x00000000      0x2fc Buttons.o
 .debug_macro   0x00000000       0x9e Buttons.o
 .debug_macro   0x00000000      0xae7 Buttons.o
 .debug_macro   0x00000000      0x13a Buttons.o
 .debug_macro   0x00000000       0xbd Buttons.o
 .debug_macro   0x00000000       0x34 Buttons.o
 .debug_macro   0x00000000       0x18 Buttons.o
 .debug_macro   0x00000000       0x6c Buttons.o
 .group         0x00000000        0x8 Buzzer.o
 .group         0x00000000        0x8 Buzzer.o
 .group         0x00000000        0x8 Buzzer.o
 .group         0x00000000        0x8 Buzzer.o
 .group         0x00000000        0x8 Buzzer.o
 .group         0x00000000        0x8 Buzzer.o
 .group         0x00000000        0x8 Buzzer.o
 .group         0x00000000        0x8 Buzzer.o
 .group         0x00000000        0x8 Buzzer.o
 .group         0x00000000        0x8 Buzzer.o
 .group         0x00000000        0x8 Buzzer.o
 .group         0x00000000        0x8 Buzzer.o
 .group         0x00000000        0x8 Buzzer.o
 .group         0x00000000        0x8 Buzzer.o
 .group         0x00000000        0x8 Buzzer.o
 .group         0x00000000        0x8 Buzzer.o
 .group         0x00000000        0x8 Buzzer.o
 .text          0x00000000        0x0 Buzzer.o
 .data          0x00000000        0x0 Buzzer.o
 .bss           0x00000000        0x0 Buzzer.o
 .debug_macro   0x00000000      0xa48 Buzzer.o
 .debug_macro   0x00000000       0x10 Buzzer.o
 .debug_macro   0x00000000      0x1c9 Buzzer.o
 .debug_macro   0x00000000      0x2fc Buzzer.o
 .debug_macro   0x00000000       0x9e Buzzer.o
 .debug_macro   0x00000000      0xae7 Buzzer.o
 .debug_macro   0x00000000      0x13a Buzzer.o
 .debug_macro   0x00000000       0xbd Buzzer.o
 .debug_macro   0x00000000       0x34 Buzzer.o
 .debug_macro   0x00000000       0x18 Buzzer.o
 .debug_macro   0x00000000       0x6c Buzzer.o
 .debug_macro   0x00000000       0x69 Buzzer.o
 .debug_macro   0x00000000       0x2e Buzzer.o
 .group         0x00000000        0x8 EEPROM.o
 .group         0x00000000        0x8 EEPROM.o
 .group         0x00000000        0x8 EEPROM.o
 .group         0x00000000        0x8 EEPROM.o
 .group         0x00000000        0x8 EEPROM.o
 .group         0x00000000        0x8 EEPROM.o
 .group         0x00000000        0x8 EEPROM.o
 .group         0x00000000        0x8 EEPROM.o
 .group         0x00000000        0x8 EEPROM.o
 .group         0x00000000        0x8 EEPROM.o
 .group         0x00000000        0x8 EEPROM.o
 .group         0x00000000        0x8 EEPROM.o
 .group         0x00000000        0x8 EEPROM.o
 .group         0x00000000        0x8 EEPROM.o
 .group         0x00000000        0x8 EEPROM.o
 .group         0x00000000        0x8 EEPROM.o
 .group         0x00000000        0x8 EEPROM.o
 .group         0x00000000        0x8 EEPROM.o
 .group         0x00000000        0x8 EEPROM.o
 .group         0x00000000        0x8 EEPROM.o
 .text          0x00000000        0x0 EEPROM.o
 .data          0x00000000        0x0 EEPROM.o
 .bss           0x00000000        0x0 EEPROM.o
 .debug_macro   0x00000000      0xa48 EEPROM.o
 .debug_macro   0x00000000       0x1c EEPROM.o
 .debug_macro   0x00000000      0x10e EEPROM.o
 .debug_macro   0x00000000       0x66 EEPROM.o
 .debug_macro   0x00000000       0x10 EEPROM.o
 .debug_macro   0x00000000      0x1c9 EEPROM.o
 .debug_macro   0x00000000      0x2fc EEPROM.o
 .debug_macro   0x00000000       0x9e EEPROM.o
 .debug_macro   0x00000000      0xae7 EEPROM.o
 .debug_macro   0x00000000      0x13a EEPROM.o
 .debug_macro   0x00000000       0xbd EEPROM.o
 .debug_macro   0x00000000       0x34 EEPROM.o
 .debug_macro   0x00000000       0x18 EEPROM.o
 .debug_macro   0x00000000       0x6c EEPROM.o
 .debug_macro   0x00000000       0x69 EEPROM.o
 .debug_macro   0x00000000       0x2e EEPROM.o
 .group         0x00000000        0x8 Indication.o
 .group         0x00000000        0x8 Indication.o
 .group         0x00000000        0x8 Indication.o
 .group         0x00000000        0x8 Indication.o
 .group         0x00000000        0x8 Indication.o
 .group         0x00000000        0x8 Indication.o
 .group         0x00000000        0x8 Indication.o
 .group         0x00000000        0x8 Indication.o
 .group         0x00000000        0x8 Indication.o
 .group         0x00000000        0x8 Indication.o
 .group         0x00000000        0x8 Indication.o
 .group         0x00000000        0x8 Indication.o
 .group         0x00000000        0x8 Indication.o
 .group         0x00000000        0x8 Indication.o
 .group         0x00000000        0x8 Indication.o
 .group         0x00000000        0x8 Indication.o
 .group         0x00000000        0x8 Indication.o
 .group         0x00000000        0x8 Indication.o
 .group         0x00000000        0x8 Indication.o
 .group         0x00000000        0x8 Indication.o
 .group         0x00000000        0x8 Indication.o
 .group         0x00000000        0x8 Indication.o
 .text          0x00000000        0x0 Indication.o
 .data          0x00000000        0x0 Indication.o
 .bss           0x00000000        0x0 Indication.o
 .debug_macro   0x00000000      0xa48 Indication.o
 .debug_macro   0x00000000       0x10 Indication.o
 .debug_macro   0x00000000      0x1c9 Indication.o
 .debug_macro   0x00000000      0x2fc Indication.o
 .debug_macro   0x00000000       0x9e Indication.o
 .debug_macro   0x00000000      0xae7 Indication.o
 .debug_macro   0x00000000      0x13a Indication.o
 .debug_macro   0x00000000       0xbd Indication.o
 .debug_macro   0x00000000       0x34 Indication.o
 .debug_macro   0x00000000       0x18 Indication.o
 .debug_macro   0x00000000       0x6c Indication.o
 .debug_macro   0x00000000       0x69 Indication.o
 .debug_macro   0x00000000       0x16 Indication.o
 .debug_macro   0x00000000       0x1c Indication.o
 .debug_macro   0x00000000      0x10e Indication.o
 .debug_macro   0x00000000       0x34 Indication.o
 .debug_macro   0x00000000       0x86 Indication.o
 .debug_macro   0x00000000       0x33 Indication.o
 .group         0x00000000        0x8 LED.o
 .group         0x00000000        0x8 LED.o
 .group         0x00000000        0x8 LED.o
 .group         0x00000000        0x8 LED.o
 .group         0x00000000        0x8 LED.o
 .group         0x00000000        0x8 LED.o
 .group         0x00000000        0x8 LED.o
 .group         0x00000000        0x8 LED.o
 .group         0x00000000        0x8 LED.o
 .group         0x00000000        0x8 LED.o
 .group         0x00000000        0x8 LED.o
 .group         0x00000000        0x8 LED.o
 .group         0x00000000        0x8 LED.o
 .group         0x00000000        0x8 LED.o
 .group         0x00000000        0x8 LED.o
 .group         0x00000000        0x8 LED.o
 .group         0x00000000        0x8 LED.o
 .group         0x00000000        0x8 LED.o
 .group         0x00000000        0x8 LED.o
 .group         0x00000000        0x8 LED.o
 .text          0x00000000        0x0 LED.o
 .data          0x00000000        0x0 LED.o
 .bss           0x00000000        0x0 LED.o
 .debug_macro   0x00000000      0xa48 LED.o
 .debug_macro   0x00000000       0x10 LED.o
 .debug_macro   0x00000000      0x1c9 LED.o
 .debug_macro   0x00000000      0x2fc LED.o
 .debug_macro   0x00000000       0x9e LED.o
 .debug_macro   0x00000000      0xae7 LED.o
 .debug_macro   0x00000000      0x13a LED.o
 .debug_macro   0x00000000       0xbd LED.o
 .debug_macro   0x00000000       0x34 LED.o
 .debug_macro   0x00000000       0x18 LED.o
 .debug_macro   0x00000000       0x6c LED.o
 .debug_macro   0x00000000       0x69 LED.o
 .debug_macro   0x00000000       0x2e LED.o
 .debug_macro   0x00000000       0x16 LED.o
 .debug_macro   0x00000000       0x1c LED.o
 .debug_macro   0x00000000       0x34 LED.o
 .group         0x00000000        0x8 main.o
 .group         0x00000000        0x8 main.o
 .group         0x00000000        0x8 main.o
 .group         0x00000000        0x8 main.o
 .group         0x00000000        0x8 main.o
 .group         0x00000000        0x8 main.o
 .group         0x00000000        0x8 main.o
 .group         0x00000000        0x8 main.o
 .group         0x00000000        0x8 main.o
 .group         0x00000000        0x8 main.o
 .group         0x00000000        0x8 main.o
 .group         0x00000000        0x8 main.o
 .group         0x00000000        0x8 main.o
 .group         0x00000000        0x8 main.o
 .group         0x00000000        0x8 main.o
 .group         0x00000000        0x8 main.o
 .group         0x00000000        0x8 main.o
 .group         0x00000000        0x8 main.o
 .group         0x00000000        0x8 main.o
 .group         0x00000000        0x8 main.o
 .group         0x00000000        0x8 main.o
 .group         0x00000000        0x8 main.o
 .group         0x00000000        0x8 main.o
 .group         0x00000000        0x8 main.o
 .group         0x00000000        0x8 main.o
 .group         0x00000000        0x8 main.o
 .group         0x00000000        0x8 main.o
 .group         0x00000000        0x8 main.o
 .text          0x00000000        0x0 main.o
 .data          0x00000000        0x0 main.o
 .bss           0x00000000        0x0 main.o
 .text.Menu_GetCurrentMenu
                0x00000000        0xa main.o
 .debug_macro   0x00000000      0xa48 main.o
 .debug_macro   0x00000000       0x10 main.o
 .debug_macro   0x00000000      0x1c9 main.o
 .debug_macro   0x00000000      0x2fc main.o
 .debug_macro   0x00000000       0x9e main.o
 .debug_macro   0x00000000      0xae7 main.o
 .debug_macro   0x00000000      0x13a main.o
 .debug_macro   0x00000000       0xbd main.o
 .debug_macro   0x00000000       0x34 main.o
 .debug_macro   0x00000000       0x18 main.o
 .debug_macro   0x00000000       0x6c main.o
 .debug_macro   0x00000000      0x16d main.o
 .debug_macro   0x00000000       0x35 main.o
 .debug_macro   0x00000000       0x16 main.o
 .debug_macro   0x00000000       0x1c main.o
 .debug_macro   0x00000000       0x69 main.o
 .debug_macro   0x00000000       0x2e main.o
 .debug_macro   0x00000000       0x16 main.o
 .debug_macro   0x00000000       0x34 main.o
 .debug_macro   0x00000000       0x33 main.o
 .debug_macro   0x00000000       0x10 main.o
 .group         0x00000000        0x8 MenuSettings.o
 .group         0x00000000        0x8 MenuSettings.o
 .group         0x00000000        0x8 MenuSettings.o
 .group         0x00000000        0x8 MenuSettings.o
 .group         0x00000000        0x8 MenuSettings.o
 .group         0x00000000        0x8 MenuSettings.o
 .group         0x00000000        0x8 MenuSettings.o
 .group         0x00000000        0x8 MenuSettings.o
 .group         0x00000000        0x8 MenuSettings.o
 .group         0x00000000        0x8 MenuSettings.o
 .group         0x00000000        0x8 MenuSettings.o
 .group         0x00000000        0x8 MenuSettings.o
 .group         0x00000000        0x8 MenuSettings.o
 .group         0x00000000        0x8 MenuSettings.o
 .group         0x00000000        0x8 MenuSettings.o
 .group         0x00000000        0x8 MenuSettings.o
 .group         0x00000000        0x8 MenuSettings.o
 .group         0x00000000        0x8 MenuSettings.o
 .group         0x00000000        0x8 MenuSettings.o
 .group         0x00000000        0x8 MenuSettings.o
 .text          0x00000000        0x0 MenuSettings.o
 .data          0x00000000        0x0 MenuSettings.o
 .bss           0x00000000        0x0 MenuSettings.o
 .debug_macro   0x00000000      0xa48 MenuSettings.o
 .debug_macro   0x00000000       0x16 MenuSettings.o
 .debug_macro   0x00000000       0x1c MenuSettings.o
 .debug_macro   0x00000000      0x10e MenuSettings.o
 .debug_macro   0x00000000       0x66 MenuSettings.o
 .debug_macro   0x00000000       0x10 MenuSettings.o
 .debug_macro   0x00000000      0x1c9 MenuSettings.o
 .debug_macro   0x00000000      0x2fc MenuSettings.o
 .debug_macro   0x00000000       0x9e MenuSettings.o
 .debug_macro   0x00000000      0xae7 MenuSettings.o
 .debug_macro   0x00000000      0x13a MenuSettings.o
 .debug_macro   0x00000000       0xbd MenuSettings.o
 .debug_macro   0x00000000       0x34 MenuSettings.o
 .debug_macro   0x00000000       0x18 MenuSettings.o
 .debug_macro   0x00000000       0x6c MenuSettings.o
 .debug_macro   0x00000000       0x34 MenuSettings.o
 .debug_macro   0x00000000       0x86 MenuSettings.o
 .debug_macro   0x00000000       0x33 MenuSettings.o
 .debug_macro   0x00000000       0x69 MenuSettings.o
 .debug_macro   0x00000000       0x2e MenuSettings.o
 .group         0x00000000        0x8 RTC.o
 .group         0x00000000        0x8 RTC.o
 .group         0x00000000        0x8 RTC.o
 .group         0x00000000        0x8 RTC.o
 .group         0x00000000        0x8 RTC.o
 .group         0x00000000        0x8 RTC.o
 .group         0x00000000        0x8 RTC.o
 .group         0x00000000        0x8 RTC.o
 .group         0x00000000        0x8 RTC.o
 .group         0x00000000        0x8 RTC.o
 .group         0x00000000        0x8 RTC.o
 .group         0x00000000        0x8 RTC.o
 .text          0x00000000        0x0 RTC.o
 .data          0x00000000        0x0 RTC.o
 .bss           0x00000000        0x0 RTC.o
 .debug_macro   0x00000000      0xa48 RTC.o
 .debug_macro   0x00000000       0x10 RTC.o
 .debug_macro   0x00000000      0x1c9 RTC.o
 .debug_macro   0x00000000      0x2fc RTC.o
 .debug_macro   0x00000000       0x9e RTC.o
 .debug_macro   0x00000000      0xae7 RTC.o
 .debug_macro   0x00000000      0x13a RTC.o
 .debug_macro   0x00000000       0xbd RTC.o
 .debug_macro   0x00000000       0x34 RTC.o
 .debug_macro   0x00000000       0x18 RTC.o
 .debug_macro   0x00000000       0x6c RTC.o
 .debug_macro   0x00000000       0x34 RTC.o
 .group         0x00000000        0x8 SysTick.o
 .group         0x00000000        0x8 SysTick.o
 .group         0x00000000        0x8 SysTick.o
 .group         0x00000000        0x8 SysTick.o
 .group         0x00000000        0x8 SysTick.o
 .group         0x00000000        0x8 SysTick.o
 .group         0x00000000        0x8 SysTick.o
 .group         0x00000000        0x8 SysTick.o
 .group         0x00000000        0x8 SysTick.o
 .group         0x00000000        0x8 SysTick.o
 .group         0x00000000        0x8 SysTick.o
 .group         0x00000000        0x8 SysTick.o
 .group         0x00000000        0x8 SysTick.o
 .text          0x00000000        0x0 SysTick.o
 .data          0x00000000        0x0 SysTick.o
 .bss           0x00000000        0x0 SysTick.o
 .debug_macro   0x00000000      0xa48 SysTick.o
 .debug_macro   0x00000000       0x10 SysTick.o
 .debug_macro   0x00000000      0x1c9 SysTick.o
 .debug_macro   0x00000000      0x2fc SysTick.o
 .debug_macro   0x00000000       0x9e SysTick.o
 .debug_macro   0x00000000      0xae7 SysTick.o
 .debug_macro   0x00000000      0x13a SysTick.o
 .debug_macro   0x00000000       0xbd SysTick.o
 .debug_macro   0x00000000       0x34 SysTick.o
 .debug_macro   0x00000000       0x18 SysTick.o
 .debug_macro   0x00000000       0x6c SysTick.o
 .debug_macro   0x00000000       0x69 SysTick.o
 .debug_macro   0x00000000       0x2e SysTick.o
 .group         0x00000000        0x8 TWI.o
 .group         0x00000000        0x8 TWI.o
 .group         0x00000000        0x8 TWI.o
 .group         0x00000000        0x8 TWI.o
 .group         0x00000000        0x8 TWI.o
 .group         0x00000000        0x8 TWI.o
 .group         0x00000000        0x8 TWI.o
 .group         0x00000000        0x8 TWI.o
 .group         0x00000000        0x8 TWI.o
 .group         0x00000000        0x8 TWI.o
 .group         0x00000000        0x8 TWI.o
 .text          0x00000000        0x0 TWI.o
 .data          0x00000000        0x0 TWI.o
 .bss           0x00000000        0x0 TWI.o
 .debug_macro   0x00000000      0xa48 TWI.o
 .debug_macro   0x00000000       0x10 TWI.o
 .debug_macro   0x00000000      0x1c9 TWI.o
 .debug_macro   0x00000000      0x2fc TWI.o
 .debug_macro   0x00000000       0x9e TWI.o
 .debug_macro   0x00000000      0xae7 TWI.o
 .debug_macro   0x00000000      0x13a TWI.o
 .debug_macro   0x00000000       0xbd TWI.o
 .debug_macro   0x00000000       0x34 TWI.o
 .debug_macro   0x00000000       0x18 TWI.o
 .debug_macro   0x00000000       0x6c TWI.o
 .group         0x00000000        0x8 ws2812.o
 .group         0x00000000        0x8 ws2812.o
 .group         0x00000000        0x8 ws2812.o
 .group         0x00000000        0x8 ws2812.o
 .group         0x00000000        0x8 ws2812.o
 .group         0x00000000        0x8 ws2812.o
 .group         0x00000000        0x8 ws2812.o
 .group         0x00000000        0x8 ws2812.o
 .group         0x00000000        0x8 ws2812.o
 .group         0x00000000        0x8 ws2812.o
 .group         0x00000000        0x8 ws2812.o
 .text          0x00000000        0x0 ws2812.o
 .data          0x00000000        0x0 ws2812.o
 .bss           0x00000000        0x0 ws2812.o
 .debug_macro   0x00000000      0xa48 ws2812.o
 .debug_macro   0x00000000       0x10 ws2812.o
 .debug_macro   0x00000000      0x1c9 ws2812.o
 .debug_macro   0x00000000      0x2fc ws2812.o
 .debug_macro   0x00000000       0x9e ws2812.o
 .debug_macro   0x00000000      0xae7 ws2812.o
 .debug_macro   0x00000000      0x13a ws2812.o
 .debug_macro   0x00000000       0xbd ws2812.o
 .debug_macro   0x00000000       0x34 ws2812.o
 .debug_macro   0x00000000       0x18 ws2812.o
 .debug_macro   0x00000000       0x6c ws2812.o
 .text          0x00000000        0x0 c:/program files (x86)/atmel/studio/7.0/toolchain/avr8/avr8-gnu-toolchain/bin/../lib/gcc/avr/5.4.0/avr4\libgcc.a(_udivmodqi4.o)
 .data          0x00000000        0x0 c:/program files (x86)/atmel/studio/7.0/toolchain/avr8/avr8-gnu-toolchain/bin/../lib/gcc/avr/5.4.0/avr4\libgcc.a(_udivmodqi4.o)
 .bss           0x00000000        0x0 c:/program files (x86)/atmel/studio/7.0/toolchain/avr8/avr8-gnu-toolchain/bin/../lib/gcc/avr/5.4.0/avr4\libgcc.a(_udivmodqi4.o)
 .text.libgcc.mul
                0x00000000        0x0 c:/program files (x86)/atmel/studio/7.0/toolchain/avr8/avr8-gnu-toolchain/bin/../lib/gcc/avr/5.4.0/avr4\libgcc.a(_udivmodqi4.o)
 .text.libgcc   0x00000000        0x0 c:/program files (x86)/atmel/studio/7.0/toolchain/avr8/avr8-gnu-toolchain/bin/../lib/gcc/avr/5.4.0/avr4\libgcc.a(_udivmodqi4.o)
 .text.libgcc.prologue
                0x00000000        0x0 c:/program files (x86)/atmel/studio/7.0/toolchain/avr8/avr8-gnu-toolchain/bin/../lib/gcc/avr/5.4.0/avr4\libgcc.a(_udivmodqi4.o)
 .text.libgcc.builtins
                0x00000000        0x0 c:/program files (x86)/atmel/studio/7.0/toolchain/avr8/avr8-gnu-toolchain/bin/../lib/gcc/avr/5.4.0/avr4\libgcc.a(_udivmodqi4.o)
 .text.libgcc.fmul
                0x00000000        0x0 c:/program files (x86)/atmel/studio/7.0/toolchain/avr8/avr8-gnu-toolchain/bin/../lib/gcc/avr/5.4.0/avr4\libgcc.a(_udivmodqi4.o)
 .text.libgcc.fixed
                0x00000000        0x0 c:/program files (x86)/atmel/studio/7.0/toolchain/avr8/avr8-gnu-toolchain/bin/../lib/gcc/avr/5.4.0/avr4\libgcc.a(_udivmodqi4.o)
 .text          0x00000000        0x0 c:/program files (x86)/atmel/studio/7.0/toolchain/avr8/avr8-gnu-toolchain/bin/../lib/gcc/avr/5.4.0/avr4\libgcc.a(_divmodqi4.o)
 .data          0x00000000        0x0 c:/program files (x86)/atmel/studio/7.0/toolchain/avr8/avr8-gnu-toolchain/bin/../lib/gcc/avr/5.4.0/avr4\libgcc.a(_divmodqi4.o)
 .bss           0x00000000        0x0 c:/program files (x86)/atmel/studio/7.0/toolchain/avr8/avr8-gnu-toolchain/bin/../lib/gcc/avr/5.4.0/avr4\libgcc.a(_divmodqi4.o)
 .text.libgcc.mul
                0x00000000        0x0 c:/program files (x86)/atmel/studio/7.0/toolchain/avr8/avr8-gnu-toolchain/bin/../lib/gcc/avr/5.4.0/avr4\libgcc.a(_divmodqi4.o)
 .text.libgcc   0x00000000        0x0 c:/program files (x86)/atmel/studio/7.0/toolchain/avr8/avr8-gnu-toolchain/bin/../lib/gcc/avr/5.4.0/avr4\libgcc.a(_divmodqi4.o)
 .text.libgcc.prologue
                0x00000000        0x0 c:/program files (x86)/atmel/studio/7.0/toolchain/avr8/avr8-gnu-toolchain/bin/../lib/gcc/avr/5.4.0/avr4\libgcc.a(_divmodqi4.o)
 .text.libgcc.builtins
                0x00000000        0x0 c:/program files (x86)/atmel/studio/7.0/toolchain/avr8/avr8-gnu-toolchain/bin/../lib/gcc/avr/5.4.0/avr4\libgcc.a(_divmodqi4.o)
 .text.libgcc.fmul
                0x00000000        0x0 c:/program files (x86)/atmel/studio/7.0/toolchain/avr8/avr8-gnu-toolchain/bin/../lib/gcc/avr/5.4.0/avr4\libgcc.a(_divmodqi4.o)
 .text.libgcc.fixed
                0x00000000        0x0 c:/program files (x86)/atmel/studio/7.0/toolchain/avr8/avr8-gnu-toolchain/bin/../lib/gcc/avr/5.4.0/avr4\libgcc.a(_divmodqi4.o)
 .text          0x00000000        0x0 c:/program files (x86)/atmel/studio/7.0/toolchain/avr8/avr8-gnu-toolchain/bin/../lib/gcc/avr/5.4.0/avr4\libgcc.a(_udivmodhi4.o)
 .data          0x00000000        0x0 c:/program files (x86)/atmel/studio/7.0/toolchain/avr8/avr8-gnu-toolchain/bin/../lib/gcc/avr/5.4.0/avr4\libgcc.a(_udivmodhi4.o)
 .bss           0x00000000        0x0 c:/program files (x86)/atmel/studio/7.0/toolchain/avr8/avr8-gnu-toolchain/bin/../lib/gcc/avr/5.4.0/avr4\libgcc.a(_udivmodhi4.o)
 .text.libgcc.mul
                0x00000000        0x0 c:/program files (x86)/atmel/studio/7.0/toolchain/avr8/avr8-gnu-toolchain/bin/../lib/gcc/avr/5.4.0/avr4\libgcc.a(_udivmodhi4.o)
 .text.libgcc   0x00000000        0x0 c:/program files (x86)/atmel/studio/7.0/toolchain/avr8/avr8-gnu-toolchain/bin/../lib/gcc/avr/5.4.0/avr4\libgcc.a(_udivmodhi4.o)
 .text.libgcc.prologue
                0x00000000        0x0 c:/program files (x86)/atmel/studio/7.0/toolchain/avr8/avr8-gnu-toolchain/bin/../lib/gcc/avr/5.4.0/avr4\libgcc.a(_udivmodhi4.o)
 .text.libgcc.builtins
                0x00000000        0x0 c:/program files (x86)/atmel/studio/7.0/toolchain/avr8/avr8-gnu-toolchain/bin/../lib/gcc/avr/5.4.0/avr4\libgcc.a(_udivmodhi4.o)
 .text.libgcc.fmul
                0x00000000        0x0 c:/program files (x86)/atmel/studio/7.0/toolchain/avr8/avr8-gnu-toolchain/bin/../lib/gcc/avr/5.4.0/avr4\libgcc.a(_udivmodhi4.o)
 .text.libgcc.fixed
                0x00000000        0x0 c:/program files (x86)/atmel/studio/7.0/toolchain/avr8/avr8-gnu-toolchain/bin/../lib/gcc/avr/5.4.0/avr4\libgcc.a(_udivmodhi4.o)
 .text          0x00000000        0x0 c:/program files (x86)/atmel/studio/7.0/toolchain/avr8/avr8-gnu-toolchain/bin/../lib/gcc/avr/5.4.0/avr4\libgcc.a(_divmodhi4.o)
 .data          0x00000000        0x0 c:/program files (x86)/atmel/studio/7.0/toolchain/avr8/avr8-gnu-toolchain/bin/../lib/gcc/avr/5.4.0/avr4\libgcc.a(_divmodhi4.o)
 .bss           0x00000000        0x0 c:/program files (x86)/atmel/studio/7.0/toolchain/avr8/avr8-gnu-toolchain/bin/../lib/gcc/avr/5.4.0/avr4\libgcc.a(_divmodhi4.o)
 .text.libgcc.mul
                0x00000000        0x0 c:/program files (x86)/atmel/studio/7.0/toolchain/avr8/avr8-gnu-toolchain/bin/../lib/gcc/avr/5.4.0/avr4\libgcc.a(_divmodhi4.o)
 .text.libgcc   0x00000000        0x0 c:/program files (x86)/atmel/studio/7.0/toolchain/avr8/avr8-gnu-toolchain/bin/../lib/gcc/avr/5.4.0/avr4\libgcc.a(_divmodhi4.o)
 .text.libgcc.prologue
                0x00000000        0x0 c:/program files (x86)/atmel/studio/7.0/toolchain/avr8/avr8-gnu-toolchain/bin/../lib/gcc/avr/5.4.0/avr4\libgcc.a(_divmodhi4.o)
 .text.libgcc.builtins
                0x00000000        0x0 c:/program files (x86)/atmel/studio/7.0/toolchain/avr8/avr8-gnu-toolchain/bin/../lib/gcc/avr/5.4.0/avr4\libgcc.a(_divmodhi4.o)
 .text.libgcc.fmul
                0x00000000        0x0 c:/program files (x86)/atmel/studio/7.0/toolchain/avr8/avr8-gnu-toolchain/bin/../lib/gcc/avr/5.4.0/avr4\libgcc.a(_divmodhi4.o)
 .text.libgcc.fixed
                0x00000000        0x0 c:/program files (x86)/atmel/studio/7.0/toolchain/avr8/avr8-gnu-toolchain/bin/../lib/gcc/avr/5.4.0/avr4\libgcc.a(_divmodhi4.o)
 .text          0x00000000        0x0 c:/program files (x86)/atmel/studio/7.0/toolchain/avr8/avr8-gnu-toolchain/bin/../lib/gcc/avr/5.4.0/avr4\libgcc.a(_udivmodsi4.o)
 .data          0x00000000        0x0 c:/program files (x86)/atmel/studio/7.0/toolchain/avr8/avr8-gnu-toolchain/bin/../lib/gcc/avr/5.4.0/avr4\libgcc.a(_udivmodsi4.o)
 .bss           0x00000000        0x0 c:/program files (x86)/atmel/studio/7.0/toolchain/avr8/avr8-gnu-toolchain/bin/../lib/gcc/avr/5.4.0/avr4\libgcc.a(_udivmodsi4.o)
 .text.libgcc.mul
                0x00000000        0x0 c:/program files (x86)/atmel/studio/7.0/toolchain/avr8/avr8-gnu-toolchain/bin/../lib/gcc/avr/5.4.0/avr4\libgcc.a(_udivmodsi4.o)
 .text.libgcc   0x00000000        0x0 c:/program files (x86)/atmel/studio/7.0/toolchain/avr8/avr8-gnu-toolchain/bin/../lib/gcc/avr/5.4.0/avr4\libgcc.a(_udivmodsi4.o)
 .text.libgcc.prologue
                0x00000000        0x0 c:/program files (x86)/atmel/studio/7.0/toolchain/avr8/avr8-gnu-toolchain/bin/../lib/gcc/avr/5.4.0/avr4\libgcc.a(_udivmodsi4.o)
 .text.libgcc.builtins
                0x00000000        0x0 c:/program files (x86)/atmel/studio/7.0/toolchain/avr8/avr8-gnu-toolchain/bin/../lib/gcc/avr/5.4.0/avr4\libgcc.a(_udivmodsi4.o)
 .text.libgcc.fmul
                0x00000000        0x0 c:/program files (x86)/atmel/studio/7.0/toolchain/avr8/avr8-gnu-toolchain/bin/../lib/gcc/avr/5.4.0/avr4\libgcc.a(_udivmodsi4.o)
 .text.libgcc.fixed
                0x00000000        0x0 c:/program files (x86)/atmel/studio/7.0/toolchain/avr8/avr8-gnu-toolchain/bin/../lib/gcc/avr/5.4.0/avr4\libgcc.a(_udivmodsi4.o)
 .text          0x00000000        0x0 c:/program files (x86)/atmel/studio/7.0/toolchain/avr8/avr8-gnu-toolchain/bin/../lib/gcc/avr/5.4.0/avr4\libgcc.a(_divmodsi4.o)
 .data          0x00000000        0x0 c:/program files (x86)/atmel/studio/7.0/toolchain/avr8/avr8-gnu-toolchain/bin/../lib/gcc/avr/5.4.0/avr4\libgcc.a(_divmodsi4.o)
 .bss           0x00000000        0x0 c:/program files (x86)/atmel/studio/7.0/toolchain/avr8/avr8-gnu-toolchain/bin/../lib/gcc/avr/5.4.0/avr4\libgcc.a(_divmodsi4.o)
 .text.libgcc.mul
                0x00000000        0x0 c:/program files (x86)/atmel/studio/7.0/toolchain/avr8/avr8-gnu-toolchain/bin/../lib/gcc/avr/5.4.0/avr4\libgcc.a(_divmodsi4.o)
 .text.libgcc   0x00000000        0x0 c:/program files (x86)/atmel/studio/7.0/toolchain/avr8/avr8-gnu-toolchain/bin/../lib/gcc/avr/5.4.0/avr4\libgcc.a(_divmodsi4.o)
 .text.libgcc.prologue
                0x00000000        0x0 c:/program files (x86)/atmel/studio/7.0/toolchain/avr8/avr8-gnu-toolchain/bin/../lib/gcc/avr/5.4.0/avr4\libgcc.a(_divmodsi4.o)
 .text.libgcc.builtins
                0x00000000        0x0 c:/program files (x86)/atmel/studio/7.0/toolchain/avr8/avr8-gnu-toolchain/bin/../lib/gcc/avr/5.4.0/avr4\libgcc.a(_divmodsi4.o)
 .text.libgcc.fmul
                0x00000000        0x0 c:/program files (x86)/atmel/studio/7.0/toolchain/avr8/avr8-gnu-toolchain/bin/../lib/gcc/avr/5.4.0/avr4\libgcc.a(_divmodsi4.o)
 .text.libgcc.fixed
                0x00000000        0x0 c:/program files (x86)/atmel/studio/7.0/toolchain/avr8/avr8-gnu-toolchain/bin/../lib/gcc/avr/5.4.0/avr4\libgcc.a(_divmodsi4.o)
 .text          0x00000000        0x0 c:/program files (x86)/atmel/studio/7.0/toolchain/avr8/avr8-gnu-toolchain/bin/../lib/gcc/avr/5.4.0/avr4\libgcc.a(_negsi2.o)
 .data          0x00000000        0x0 c:/program files (x86)/atmel/studio/7.0/toolchain/avr8/avr8-gnu-toolchain/bin/../lib/gcc/avr/5.4.0/avr4\libgcc.a(_negsi2.o)
 .bss           0x00000000        0x0 c:/program files (x86)/atmel/studio/7.0/toolchain/avr8/avr8-gnu-toolchain/bin/../lib/gcc/avr/5.4.0/avr4\libgcc.a(_negsi2.o)
 .text.libgcc.mul
                0x00000000        0x0 c:/program files (x86)/atmel/studio/7.0/toolchain/avr8/avr8-gnu-toolchain/bin/../lib/gcc/avr/5.4.0/avr4\libgcc.a(_negsi2.o)
 .text.libgcc   0x00000000        0x0 c:/program files (x86)/atmel/studio/7.0/toolchain/avr8/avr8-gnu-toolchain/bin/../lib/gcc/avr/5.4.0/avr4\libgcc.a(_negsi2.o)
 .text.libgcc.prologue
                0x00000000        0x0 c:/program files (x86)/atmel/studio/7.0/toolchain/avr8/avr8-gnu-toolchain/bin/../lib/gcc/avr/5.4.0/avr4\libgcc.a(_negsi2.o)
 .text.libgcc.builtins
                0x00000000        0x0 c:/program files (x86)/atmel/studio/7.0/toolchain/avr8/avr8-gnu-toolchain/bin/../lib/gcc/avr/5.4.0/avr4\libgcc.a(_negsi2.o)
 .text.libgcc.fmul
                0x00000000        0x0 c:/program files (x86)/atmel/studio/7.0/toolchain/avr8/avr8-gnu-toolchain/bin/../lib/gcc/avr/5.4.0/avr4\libgcc.a(_negsi2.o)
 .text.libgcc.fixed
                0x00000000        0x0 c:/program files (x86)/atmel/studio/7.0/toolchain/avr8/avr8-gnu-toolchain/bin/../lib/gcc/avr/5.4.0/avr4\libgcc.a(_negsi2.o)
 .text          0x00000000        0x0 c:/program files (x86)/atmel/studio/7.0/toolchain/avr8/avr8-gnu-toolchain/bin/../lib/gcc/avr/5.4.0/avr4\libgcc.a(_exit.o)
 .data          0x00000000        0x0 c:/program files (x86)/atmel/studio/7.0/toolchain/avr8/avr8-gnu-toolchain/bin/../lib/gcc/avr/5.4.0/avr4\libgcc.a(_exit.o)
 .bss           0x00000000        0x0 c:/program files (x86)/atmel/studio/7.0/toolchain/avr8/avr8-gnu-toolchain/bin/../lib/gcc/avr/5.4.0/avr4\libgcc.a(_exit.o)
 .text.libgcc.mul
                0x00000000        0x0 c:/program files (x86)/atmel/studio/7.0/toolchain/avr8/avr8-gnu-toolchain/bin/../lib/gcc/avr/5.4.0/avr4\libgcc.a(_exit.o)
 .text.libgcc.div
                0x00000000        0x0 c:/program files (x86)/atmel/studio/7.0/toolchain/avr8/avr8-gnu-toolchain/bin/../lib/gcc/avr/5.4.0/avr4\libgcc.a(_exit.o)
 .text.libgcc   0x00000000        0x0 c:/program files (x86)/atmel/studio/7.0/toolchain/avr8/avr8-gnu-toolchain/bin/../lib/gcc/avr/5.4.0/avr4\libgcc.a(_exit.o)
 .text.libgcc.prologue
                0x00000000        0x0 c:/program files (x86)/atmel/studio/7.0/toolchain/avr8/avr8-gnu-toolchain/bin/../lib/gcc/avr/5.4.0/avr4\libgcc.a(_exit.o)
 .text.libgcc.builtins
                0x00000000        0x0 c:/program files (x86)/atmel/studio/7.0/toolchain/avr8/avr8-gnu-toolchain/bin/../lib/gcc/avr/5.4.0/avr4\libgcc.a(_exit.o)
 .text.libgcc.fmul
                0x00000000        0x0 c:/program files (x86)/atmel/studio/7.0/toolchain/avr8/avr8-gnu-toolchain/bin/../lib/gcc/avr/5.4.0/avr4\libgcc.a(_exit.o)
 .text.libgcc.fixed
                0x00000000        0x0 c:/program files (x86)/atmel/studio/7.0/toolchain/avr8/avr8-gnu-toolchain/bin/../lib/gcc/avr/5.4.0/avr4\libgcc.a(_exit.o)
 .text          0x00000000        0x0 c:/program files (x86)/atmel/studio/7.0/toolchain/avr8/avr8-gnu-toolchain/bin/../lib/gcc/avr/5.4.0/avr4\libgcc.a(_copy_data.o)
 .data          0x00000000        0x0 c:/program files (x86)/atmel/studio/7.0/toolchain/avr8/avr8-gnu-toolchain/bin/../lib/gcc/avr/5.4.0/avr4\libgcc.a(_copy_data.o)
 .bss           0x00000000        0x0 c:/program files (x86)/atmel/studio/7.0/toolchain/avr8/avr8-gnu-toolchain/bin/../lib/gcc/avr/5.4.0/avr4\libgcc.a(_copy_data.o)
 .text.libgcc.mul
                0x00000000        0x0 c:/program files (x86)/atmel/studio/7.0/toolchain/avr8/avr8-gnu-toolchain/bin/../lib/gcc/avr/5.4.0/avr4\libgcc.a(_copy_data.o)
 .text.libgcc.div
                0x00000000        0x0 c:/program files (x86)/atmel/studio/7.0/toolchain/avr8/avr8-gnu-toolchain/bin/../lib/gcc/avr/5.4.0/avr4\libgcc.a(_copy_data.o)
 .text.libgcc   0x00000000        0x0 c:/program files (x86)/atmel/studio/7.0/toolchain/avr8/avr8-gnu-toolchain/bin/../lib/gcc/avr/5.4.0/avr4\libgcc.a(_copy_data.o)
 .text.libgcc.prologue
                0x00000000        0x0 c:/program files (x86)/atmel/studio/7.0/toolchain/avr8/avr8-gnu-toolchain/bin/../lib/gcc/avr/5.4.0/avr4\libgcc.a(_copy_data.o)
 .text.libgcc.builtins
                0x00000000        0x0 c:/program files (x86)/atmel/studio/7.0/toolchain/avr8/avr8-gnu-toolchain/bin/../lib/gcc/avr/5.4.0/avr4\libgcc.a(_copy_data.o)
 .text.libgcc.fmul
                0x00000000        0x0 c:/program files (x86)/atmel/studio/7.0/toolchain/avr8/avr8-gnu-toolchain/bin/../lib/gcc/avr/5.4.0/avr4\libgcc.a(_copy_data.o)
 .text.libgcc.fixed
                0x00000000        0x0 c:/program files (x86)/atmel/studio/7.0/toolchain/avr8/avr8-gnu-toolchain/bin/../lib/gcc/avr/5.4.0/avr4\libgcc.a(_copy_data.o)
 .text          0x00000000        0x0 c:/program files (x86)/atmel/studio/7.0/toolchain/avr8/avr8-gnu-toolchain/bin/../lib/gcc/avr/5.4.0/avr4\libgcc.a(_clear_bss.o)
 .data          0x00000000        0x0 c:/program files (x86)/atmel/studio/7.0/toolchain/avr8/avr8-gnu-toolchain/bin/../lib/gcc/avr/5.4.0/avr4\libgcc.a(_clear_bss.o)
 .bss           0x00000000        0x0 c:/program files (x86)/atmel/studio/7.0/toolchain/avr8/avr8-gnu-toolchain/bin/../lib/gcc/avr/5.4.0/avr4\libgcc.a(_clear_bss.o)
 .text.libgcc.mul
                0x00000000        0x0 c:/program files (x86)/atmel/studio/7.0/toolchain/avr8/avr8-gnu-toolchain/bin/../lib/gcc/avr/5.4.0/avr4\libgcc.a(_clear_bss.o)
 .text.libgcc.div
                0x00000000        0x0 c:/program files (x86)/atmel/studio/7.0/toolchain/avr8/avr8-gnu-toolchain/bin/../lib/gcc/avr/5.4.0/avr4\libgcc.a(_clear_bss.o)
 .text.libgcc   0x00000000        0x0 c:/program files (x86)/atmel/studio/7.0/toolchain/avr8/avr8-gnu-toolchain/bin/../lib/gcc/avr/5.4.0/avr4\libgcc.a(_clear_bss.o)
 .text.libgcc.prologue
                0x00000000        0x0 c:/program files (x86)/atmel/studio/7.0/toolchain/avr8/avr8-gnu-toolchain/bin/../lib/gcc/avr/5.4.0/avr4\libgcc.a(_clear_bss.o)
 .text.libgcc.builtins
                0x00000000        0x0 c:/program files (x86)/atmel/studio/7.0/toolchain/avr8/avr8-gnu-toolchain/bin/../lib/gcc/avr/5.4.0/avr4\libgcc.a(_clear_bss.o)
 .text.libgcc.fmul
                0x00000000        0x0 c:/program files (x86)/atmel/studio/7.0/toolchain/avr8/avr8-gnu-toolchain/bin/../lib/gcc/avr/5.4.0/avr4\libgcc.a(_clear_bss.o)
 .text.libgcc.fixed
                0x00000000        0x0 c:/program files (x86)/atmel/studio/7.0/toolchain/avr8/avr8-gnu-toolchain/bin/../lib/gcc/avr/5.4.0/avr4\libgcc.a(_clear_bss.o)
 .text          0x00000000        0x0 c:/program files (x86)/atmel/studio/7.0/toolchain/avr8/avr8-gnu-toolchain/bin/../lib/gcc/avr/5.4.0/avr4\libgcc.a(_muluhisi3.o)
 .data          0x00000000        0x0 c:/program files (x86)/atmel/studio/7.0/toolchain/avr8/avr8-gnu-toolchain/bin/../lib/gcc/avr/5.4.0/avr4\libgcc.a(_muluhisi3.o)
 .bss           0x00000000        0x0 c:/program files (x86)/atmel/studio/7.0/toolchain/avr8/avr8-gnu-toolchain/bin/../lib/gcc/avr/5.4.0/avr4\libgcc.a(_muluhisi3.o)
 .text.libgcc.div
                0x00000000        0x0 c:/program files (x86)/atmel/studio/7.0/toolchain/avr8/avr8-gnu-toolchain/bin/../lib/gcc/avr/5.4.0/avr4\libgcc.a(_muluhisi3.o)
 .text.libgcc   0x00000000        0x0 c:/program files (x86)/atmel/studio/7.0/toolchain/avr8/avr8-gnu-toolchain/bin/../lib/gcc/avr/5.4.0/avr4\libgcc.a(_muluhisi3.o)
 .text.libgcc.prologue
                0x00000000        0x0 c:/program files (x86)/atmel/studio/7.0/toolchain/avr8/avr8-gnu-toolchain/bin/../lib/gcc/avr/5.4.0/avr4\libgcc.a(_muluhisi3.o)
 .text.libgcc.builtins
                0x00000000        0x0 c:/program files (x86)/atmel/studio/7.0/toolchain/avr8/avr8-gnu-toolchain/bin/../lib/gcc/avr/5.4.0/avr4\libgcc.a(_muluhisi3.o)
 .text.libgcc.fmul
                0x00000000        0x0 c:/program files (x86)/atmel/studio/7.0/toolchain/avr8/avr8-gnu-toolchain/bin/../lib/gcc/avr/5.4.0/avr4\libgcc.a(_muluhisi3.o)
 .text.libgcc.fixed
                0x00000000        0x0 c:/program files (x86)/atmel/studio/7.0/toolchain/avr8/avr8-gnu-toolchain/bin/../lib/gcc/avr/5.4.0/avr4\libgcc.a(_muluhisi3.o)
 .text          0x00000000        0x0 c:/program files (x86)/atmel/studio/7.0/toolchain/avr8/avr8-gnu-toolchain/bin/../lib/gcc/avr/5.4.0/avr4\libgcc.a(_mulshisi3.o)
 .data          0x00000000        0x0 c:/program files (x86)/atmel/studio/7.0/toolchain/avr8/avr8-gnu-toolchain/bin/../lib/gcc/avr/5.4.0/avr4\libgcc.a(_mulshisi3.o)
 .bss           0x00000000        0x0 c:/program files (x86)/atmel/studio/7.0/toolchain/avr8/avr8-gnu-toolchain/bin/../lib/gcc/avr/5.4.0/avr4\libgcc.a(_mulshisi3.o)
 .text.libgcc.div
                0x00000000        0x0 c:/program files (x86)/atmel/studio/7.0/toolchain/avr8/avr8-gnu-toolchain/bin/../lib/gcc/avr/5.4.0/avr4\libgcc.a(_mulshisi3.o)
 .text.libgcc   0x00000000        0x0 c:/program files (x86)/atmel/studio/7.0/toolchain/avr8/avr8-gnu-toolchain/bin/../lib/gcc/avr/5.4.0/avr4\libgcc.a(_mulshisi3.o)
 .text.libgcc.prologue
                0x00000000        0x0 c:/program files (x86)/atmel/studio/7.0/toolchain/avr8/avr8-gnu-toolchain/bin/../lib/gcc/avr/5.4.0/avr4\libgcc.a(_mulshisi3.o)
 .text.libgcc.builtins
                0x00000000        0x0 c:/program files (x86)/atmel/studio/7.0/toolchain/avr8/avr8-gnu-toolchain/bin/../lib/gcc/avr/5.4.0/avr4\libgcc.a(_mulshisi3.o)
 .text.libgcc.fmul
                0x00000000        0x0 c:/program files (x86)/atmel/studio/7.0/toolchain/avr8/avr8-gnu-toolchain/bin/../lib/gcc/avr/5.4.0/avr4\libgcc.a(_mulshisi3.o)
 .text.libgcc.fixed
                0x00000000        0x0 c:/program files (x86)/atmel/studio/7.0/toolchain/avr8/avr8-gnu-toolchain/bin/../lib/gcc/avr/5.4.0/avr4\libgcc.a(_mulshisi3.o)
 .text          0x00000000        0x0 c:/program files (x86)/atmel/studio/7.0/toolchain/avr8/avr8-gnu-toolchain/bin/../lib/gcc/avr/5.4.0/avr4\libgcc.a(_umulhisi3.o)
 .data          0x00000000        0x0 c:/program files (x86)/atmel/studio/7.0/toolchain/avr8/avr8-gnu-toolchain/bin/../lib/gcc/avr/5.4.0/avr4\libgcc.a(_umulhisi3.o)
 .bss           0x00000000        0x0 c:/program files (x86)/atmel/studio/7.0/toolchain/avr8/avr8-gnu-toolchain/bin/../lib/gcc/avr/5.4.0/avr4\libgcc.a(_umulhisi3.o)
 .text.libgcc.div
                0x00000000        0x0 c:/program files (x86)/atmel/studio/7.0/toolchain/avr8/avr8-gnu-toolchain/bin/../lib/gcc/avr/5.4.0/avr4\libgcc.a(_umulhisi3.o)
 .text.libgcc   0x00000000        0x0 c:/program files (x86)/atmel/studio/7.0/toolchain/avr8/avr8-gnu-toolchain/bin/../lib/gcc/avr/5.4.0/avr4\libgcc.a(_umulhisi3.o)
 .text.libgcc.prologue
                0x00000000        0x0 c:/program files (x86)/atmel/studio/7.0/toolchain/avr8/avr8-gnu-toolchain/bin/../lib/gcc/avr/5.4.0/avr4\libgcc.a(_umulhisi3.o)
 .text.libgcc.builtins
                0x00000000        0x0 c:/program files (x86)/atmel/studio/7.0/toolchain/avr8/avr8-gnu-toolchain/bin/../lib/gcc/avr/5.4.0/avr4\libgcc.a(_umulhisi3.o)
 .text.libgcc.fmul
                0x00000000        0x0 c:/program files (x86)/atmel/studio/7.0/toolchain/avr8/avr8-gnu-toolchain/bin/../lib/gcc/avr/5.4.0/avr4\libgcc.a(_umulhisi3.o)
 .text.libgcc.fixed
                0x00000000        0x0 c:/program files (x86)/atmel/studio/7.0/toolchain/avr8/avr8-gnu-toolchain/bin/../lib/gcc/avr/5.4.0/avr4\libgcc.a(_umulhisi3.o)
 .text          0x00000000        0x0 C:/Program Files (x86)/Atmel/Studio/7.0/Packs/atmel/ATmega_DFP/1.6.364/gcc/dev/atmega8a/avr4\libatmega8a.a(eerd_byte.o)
 .data          0x00000000        0x0 C:/Program Files (x86)/Atmel/Studio/7.0/Packs/atmel/ATmega_DFP/1.6.364/gcc/dev/atmega8a/avr4\libatmega8a.a(eerd_byte.o)
 .bss           0x00000000        0x0 C:/Program Files (x86)/Atmel/Studio/7.0/Packs/atmel/ATmega_DFP/1.6.364/gcc/dev/atmega8a/avr4\libatmega8a.a(eerd_byte.o)
 .text          0x00000000        0x0 C:/Program Files (x86)/Atmel/Studio/7.0/Packs/atmel/ATmega_DFP/1.6.364/gcc/dev/atmega8a/avr4\libatmega8a.a(eerd_word.o)
 .data          0x00000000        0x0 C:/Program Files (x86)/Atmel/Studio/7.0/Packs/atmel/ATmega_DFP/1.6.364/gcc/dev/atmega8a/avr4\libatmega8a.a(eerd_word.o)
 .bss           0x00000000        0x0 C:/Program Files (x86)/Atmel/Studio/7.0/Packs/atmel/ATmega_DFP/1.6.364/gcc/dev/atmega8a/avr4\libatmega8a.a(eerd_word.o)
 .text          0x00000000        0x0 C:/Program Files (x86)/Atmel/Studio/7.0/Packs/atmel/ATmega_DFP/1.6.364/gcc/dev/atmega8a/avr4\libatmega8a.a(eewr_byte.o)
 .data          0x00000000        0x0 C:/Program Files (x86)/Atmel/Studio/7.0/Packs/atmel/ATmega_DFP/1.6.364/gcc/dev/atmega8a/avr4\libatmega8a.a(eewr_byte.o)
 .bss           0x00000000        0x0 C:/Program Files (x86)/Atmel/Studio/7.0/Packs/atmel/ATmega_DFP/1.6.364/gcc/dev/atmega8a/avr4\libatmega8a.a(eewr_byte.o)
 .text          0x00000000        0x0 C:/Program Files (x86)/Atmel/Studio/7.0/Packs/atmel/ATmega_DFP/1.6.364/gcc/dev/atmega8a/avr4\libatmega8a.a(eewr_word.o)
 .data          0x00000000        0x0 C:/Program Files (x86)/Atmel/Studio/7.0/Packs/atmel/ATmega_DFP/1.6.364/gcc/dev/atmega8a/avr4\libatmega8a.a(eewr_word.o)
 .bss           0x00000000        0x0 C:/Program Files (x86)/Atmel/Studio/7.0/Packs/atmel/ATmega_DFP/1.6.364/gcc/dev/atmega8a/avr4\libatmega8a.a(eewr_word.o)
 .text          0x00000000        0x0 C:/Program Files (x86)/Atmel/Studio/7.0/Packs/atmel/ATmega_DFP/1.6.364/gcc/dev/atmega8a/avr4\libatmega8a.a(eerd_block.o)
 .data          0x00000000        0x0 C:/Program Files (x86)/Atmel/Studio/7.0/Packs/atmel/ATmega_DFP/1.6.364/gcc/dev/atmega8a/avr4\libatmega8a.a(eerd_block.o)
 .bss           0x00000000        0x0 C:/Program Files (x86)/Atmel/Studio/7.0/Packs/atmel/ATmega_DFP/1.6.364/gcc/dev/atmega8a/avr4\libatmega8a.a(eerd_block.o)

Memory Configuration

Name             Origin             Length             Attributes
text             0x00000000         0x00002000         xr
data             0x00800060         0x00000400         rw !x
eeprom           0x00810000         0x00000200         rw !x
fuse             0x00820000         0x00000002         rw !x
lock             0x00830000         0x00000400         rw !x
signature        0x00840000         0x00000400         rw !x
user_signatures  0x00850000         0x00000400         rw !x
*default*        0x00000000         0xffffffff

Linker script and memory map

LOAD C:/Program Files (x86)/Atmel/Studio/7.0/Packs/atmel/ATmega_DFP/1.6.364/gcc/dev/atmega8a/avr4/crtatmega8a.o
LOAD bmp180.o
LOAD Buttons.o
LOAD Buzzer.o
LOAD EEPROM.o
LOAD Indication.o
LOAD LED.o
LOAD main.o
LOAD MenuSettings.o
LOAD RTC.o
LOAD SysTick.o
LOAD TWI.o
LOAD ws2812.o
START GROUP
LOAD c:/program files (x86)/atmel/studio/7.0/toolchain/avr8/avr8-gnu-toolchain/bin/../lib/gcc/avr/5.4.0/../../../../avr/lib/avr4\libm.a
END GROUP
START GROUP
LOAD c:/program files (x86)/atmel/studio/7.0/toolchain/avr8/avr8-gnu-toolchain/bin/../lib/gcc/avr/5.4.0/avr4\libgcc.a
LOAD c:/program files (x86)/atmel/studio/7.0/toolchain/avr8/avr8-gnu-toolchain/bin/../lib/gcc/avr/5.4.0/../../../../avr/lib/avr4\libm.a
LOAD c:/program files (x86)/atmel/studio/7.0/toolchain/avr8/avr8-gnu-toolchain/bin/../lib/gcc/avr/5.4.0/../../../../avr/lib/avr4\libc.a
LOAD C:/Program Files (x86)/Atmel/Studio/7.0/Packs/atmel/ATmega_DFP/1.6.364/gcc/dev/atmega8a/avr4\libatmega8a.a
END GROUP
                [0x00000000]                __TEXT_REGION_ORIGIN__ = DEFINED (__TEXT_REGION_ORIGIN__)?__TEXT_REGION_ORIGIN__:0x0
                [0x00800060]                __DATA_REGION_ORIGIN__ = DEFINED (__DATA_REGION_ORIGIN__)?__DATA_REGION_ORIGIN__:0x800060
                [0x00002000]                __TEXT_REGION_LENGTH__ = DEFINED (__TEXT_REGION_LENGTH__)?__TEXT_REGION_LENGTH__:0x2000
                [0x00000400]                __DATA_REGION_LENGTH__ = DEFINED (__DATA_REGION_LENGTH__)?__DATA_REGION_LENGTH__:0xffa0
                [0x00000200]                __EEPROM_REGION_LENGTH__ = DEFINED (__EEPROM_REGION_LENGTH__)?__EEPROM_REGION_LENGTH__:0x10000
                [0x00000002]                __FUSE_REGION_LENGTH__ = DEFINED (__FUSE_REGION_LENGTH__)?__FUSE_REGION_LENGTH__:0x400
                0x00000400                __LOCK_REGION_LENGTH__ = DEFINED (__LOCK_REGION_LENGTH__)?__LOCK_REGION_LENGTH__:0x400
                0x00000400                __SIGNATURE_REGION_LENGTH__ = DEFINED (__SIGNATURE_REGION_LENGTH__)?__SIGNATURE_REGION_LENGTH__:0x400
                0x00000400                __USER_SIGNATURE_REGION_LENGTH__ = DEFINED (__USER_SIGNATURE_REGION_LENGTH__)?__USER_SIGNATURE_REGION_LENGTH__:0x400

.hash
 *(.hash)

.dynsym
 *(.dynsym)

.dynstr
 *(.dynstr)

.gnu.version
 *(.gnu.version)

.gnu.version_d
 *(.gnu.version_d)

.gnu.version_r
 *(.gnu.version_r)

.rel.init
 *(.rel.init)

.rela.init
 *(.rela.init)

.rel.text
 *(.rel.text)
 *(.rel.text.*)
 *(.rel.gnu.linkonce.t*)

.rela.text
 *(.rela.text)
 *(.rela.text.*)
 *(.rela.gnu.linkonce.t*)

.rel.fini
 *(.rel.fini)

.rela.fini
 *(.rela.fini)

.rel.rodata
 *(.rel.rodata)
 *(.rel.rodata.*)
 *(.rel.gnu.linkonce.r*)

.rela.rodata
 *(.rela.rodata)
 *(.rela.rodata.*)
 *(.rela.gnu.linkonce.r*)

.rel.data
 *(.rel.data)
 *(.rel.data.*)
 *(.rel.gnu.linkonce.d*)

.rela.data
 *(.rela.data)
 *(.rela.data.*)
 *(.rela.gnu.linkonce.d*)

.rel.ctors
 *(.rel.ctors)

.rela.ctors
 *(.rela.ctors)

.rel.dtors
 *(.rel.dtors)

.rela.dtors
 *(.rela.dtors)

.rel.got
 *(.rel.got)

.rela.got
 *(.rela.got)

.rel.bss
 *(.rel.bss)

.rela.bss
 *(.rela.bss)

.rel.plt
 *(.rel.plt)

.rela.plt
 *(.rela.plt)

.text           0x00000000     0x1db8
 *(.vectors)
 .vectors       0x00000000       0x26 C:/Program Files (x86)/Atmel/Studio/7.0/Packs/atmel/ATmega_DFP/1.6.364/gcc/dev/atmega8a/avr4/crtatmega8a.o
                0x00000000                __vector_default
                0x00000000                __vectors
 *(.vectors)
 *(.progmem.gcc*)
                0x00000026                . = ALIGN (0x2)
                0x00000026                __trampolines_start = .
 *(.trampolines)
 .trampolines   0x00000026        0x0 linker stubs
 *(.trampolines*)
                0x00000026                __trampolines_end = .
 *libprintf_flt.a:*(.progmem.data)
 *libc.a:*(.progmem.data)
 *(.progmem*)
 .progmem.data.level_bright
                0x00000026        0x8 main.o
                0x00000026                level_bright
 .progmem.data.time_light
                0x0000002e        0x8 main.o
                0x0000002e                time_light
 .progmem.data.mode_light
                0x00000036        0x8 main.o
                0x00000036                mode_light
 .progmem.data.s_minuts
                0x0000003e        0x8 main.o
                0x0000003e                s_minuts
 .progmem.data.s_hours
                0x00000046        0x8 main.o
                0x00000046                s_hours
 .progmem.data.activation
                0x0000004e        0x8 main.o
                0x0000004e                activation
 .progmem.data.num_alarm
                0x00000056        0x8 main.o
                0x00000056                num_alarm
 .progmem.data.correct
                0x0000005e        0x8 main.o
                0x0000005e                correct
 .progmem.data.show_press
                0x00000066        0x8 main.o
                0x00000066                show_press
 .progmem.data.show_temp
                0x0000006e        0x8 main.o
                0x0000006e                show_temp
 .progmem.data.show_data
                0x00000076        0x8 main.o
                0x00000076                show_data
 .progmem.data.year
                0x0000007e        0x8 main.o
                0x0000007e                year
 .progmem.data.month
                0x00000086        0x8 main.o
                0x00000086                month
 .progmem.data.day
                0x0000008e        0x8 main.o
                0x0000008e                day
 .progmem.data.minuts
                0x00000096        0x8 main.o
                0x00000096                minuts
 .progmem.data.hours
                0x0000009e        0x8 main.o
                0x0000009e                hours
 .progmem.data.am_pm
                0x000000a6        0x8 main.o
                0x000000a6                am_pm
 .progmem.data.Main_menu
                0x000000ae        0x8 main.o
                0x000000ae                Main_menu
 .progmem.data.NULL_MENU
                0x000000b6        0x8 main.o
                0x000000b6                NULL_MENU
                0x000000be                . = ALIGN (0x2)
 *(.jumptables)
 *(.jumptables*)
 *(.lowtext)
 *(.lowtext*)
                0x000000be                __ctors_start = .
 *(.ctors)
                0x000000be                __ctors_end = .
                0x000000be                __dtors_start = .
 *(.dtors)
                0x000000be                __dtors_end = .
 SORT(*)(.ctors)
 SORT(*)(.dtors)
 *(.init0)
 .init0         0x000000be        0x0 C:/Program Files (x86)/Atmel/Studio/7.0/Packs/atmel/ATmega_DFP/1.6.364/gcc/dev/atmega8a/avr4/crtatmega8a.o
                0x000000be                __init
 *(.init0)
 *(.init1)
 *(.init1)
 *(.init2)
 .init2         0x000000be        0xc C:/Program Files (x86)/Atmel/Studio/7.0/Packs/atmel/ATmega_DFP/1.6.364/gcc/dev/atmega8a/avr4/crtatmega8a.o
 *(.init2)
 *(.init3)
 *(.init3)
 *(.init4)
 .init4         0x000000ca       0x16 c:/program files (x86)/atmel/studio/7.0/toolchain/avr8/avr8-gnu-toolchain/bin/../lib/gcc/avr/5.4.0/avr4\libgcc.a(_copy_data.o)
                0x000000ca                __do_copy_data
 .init4         0x000000e0       0x10 c:/program files (x86)/atmel/studio/7.0/toolchain/avr8/avr8-gnu-toolchain/bin/../lib/gcc/avr/5.4.0/avr4\libgcc.a(_clear_bss.o)
                0x000000e0                __do_clear_bss
 *(.init4)
 *(.init5)
 *(.init5)
 *(.init6)
 *(.init6)
 *(.init7)
 *(.init7)
 *(.init8)
 *(.init8)
 *(.init9)
 .init9         0x000000f0        0x4 C:/Program Files (x86)/Atmel/Studio/7.0/Packs/atmel/ATmega_DFP/1.6.364/gcc/dev/atmega8a/avr4/crtatmega8a.o
 *(.init9)
 *(.text)
 .text          0x000000f4        0x2 C:/Program Files (x86)/Atmel/Studio/7.0/Packs/atmel/ATmega_DFP/1.6.364/gcc/dev/atmega8a/avr4/crtatmega8a.o
                0x000000f4                __vector_1
                0x000000f4                __vector_12
                0x000000f4                __bad_interrupt
                0x000000f4                __vector_6
                0x000000f4                __vector_11
                0x000000f4                __vector_13
                0x000000f4                __vector_17
                0x000000f4                __vector_7
                0x000000f4                __vector_5
                0x000000f4                __vector_4
                0x000000f4                __vector_2
                0x000000f4                __vector_15
                0x000000f4                __vector_8
                0x000000f4                __vector_14
                0x000000f4                __vector_10
                0x000000f4                __vector_16
                0x000000f4                __vector_18
                0x000000f6                . = ALIGN (0x2)
 *(.text.*)
 .text.BMP180_start_conversion
                0x000000f6       0x1e bmp180.o
                0x000000f6                BMP180_start_conversion
 .text.BMP180_read_N_byte
                0x00000114       0x6e bmp180.o
                0x00000114                BMP180_read_N_byte
 .text.BMP180_calc_temp
                0x00000182      0x116 bmp180.o
                0x00000182                BMP180_calc_temp
 .text.BMP180_get_temp_press
                0x00000298       0x6e bmp180.o
                0x00000298                BMP180_get_temp_press
 .text.BMP180_init
                0x00000306      0x102 bmp180.o
                0x00000306                BMP180_init
 .text.GetButtonPress
                0x00000408       0xda Buttons.o
                0x00000408                GetButtonPress
 .text.start_buzzer
                0x000004e2       0x7c Buzzer.o
                0x000004e2                start_buzzer
 .text.stop_buzzer
                0x0000055e        0x6 Buzzer.o
                0x0000055e                stop_buzzer
 .text.read_eeprom
                0x00000564      0x126 EEPROM.o
                0x00000564                read_eeprom
 .text.save_to_eeprom
                0x0000068a      0x13a EEPROM.o
                0x0000068a                save_to_eeprom
 .text.__vector_3
                0x000007c4      0x10c Indication.o
                0x000007c4                __vector_3
 .text.indicators_init
                0x000008d0       0x12 Indication.o
                0x000008d0                indicators_init
 .text.hsvToRgb
                0x000008e2       0xca LED.o
 .text.led_processing
                0x000009ac      0x128 LED.o
                0x000009ac                led_processing
 .text.led_delay
                0x00000ad4       0x2a LED.o
                0x00000ad4                led_delay
 .text.led_config
                0x00000afe       0x7c LED.o
                0x00000afe                led_config
 .text.led_color_stop
                0x00000b7a       0x12 LED.o
                0x00000b7a                led_color_stop
 .text.led_color_run
                0x00000b8c       0x10 LED.o
                0x00000b8c                led_color_run
 .text.Menu_Navigate
                0x00000b9c       0x26 main.o
                0x00000b9c                Menu_Navigate
 .text.get_mcucsr
                0x00000bc2       0x1a main.o
                0x00000bc2                get_mcucsr
 .text.time_manager
                0x00000bdc      0x230 main.o
                0x00000bdc                time_manager
 .text.show_temp_func
                0x00000e0c       0x6c main.o
                0x00000e0c                show_temp_func
 .text.show_press_func
                0x00000e78       0x6c main.o
                0x00000e78                show_press_func
 .text.startup.main
                0x00000ee4      0x3ca main.o
                0x00000ee4                main
 .text.constrain
                0x000012ae       0x14 MenuSettings.o
 .text.show_main
                0x000012c2       0x80 MenuSettings.o
                0x000012c2                show_main
 .text.set_am_pm
                0x00001342       0x5a MenuSettings.o
                0x00001342                set_am_pm
 .text.set_hours
                0x0000139c       0xbc MenuSettings.o
                0x0000139c                set_hours
 .text.set_minuts
                0x00001458       0x96 MenuSettings.o
                0x00001458                set_minuts
 .text.set_day  0x000014ee       0x92 MenuSettings.o
                0x000014ee                set_day
 .text.set_month
                0x00001580       0x6c MenuSettings.o
                0x00001580                set_month
 .text.set_year
                0x000015ec       0x56 MenuSettings.o
                0x000015ec                set_year
 .text.show_data_on
                0x00001642       0x2e MenuSettings.o
                0x00001642                show_data_on
 .text.show_temp_on
                0x00001670       0x2e MenuSettings.o
                0x00001670                show_temp_on
 .text.show_press_on
                0x0000169e       0x2e MenuSettings.o
                0x0000169e                show_press_on
 .text.correction
                0x000016cc       0x6a MenuSettings.o
                0x000016cc                correction
 .text.number_al
                0x00001736       0xaa MenuSettings.o
                0x00001736                number_al
 .text.activ_alarm
                0x000017e0       0x5e MenuSettings.o
                0x000017e0                activ_alarm
 .text.hour_alarm
                0x0000183e       0xd2 MenuSettings.o
                0x0000183e                hour_alarm
 .text.min_alarm
                0x00001910       0xc0 MenuSettings.o
                0x00001910                min_alarm
 .text.mode_led
                0x000019d0       0x5e MenuSettings.o
                0x000019d0                mode_led
 .text.speed_led
                0x00001a2e       0x3e MenuSettings.o
                0x00001a2e                speed_led
 .text.bright_led
                0x00001a6c       0x38 MenuSettings.o
                0x00001a6c                bright_led
 .text.RTC_SetValue
                0x00001aa4       0x32 RTC.o
                0x00001aa4                RTC_SetValue
 .text.RTC_get  0x00001ad6       0x1a RTC.o
                0x00001ad6                RTC_get
 .text.RTC_init
                0x00001af0       0x34 RTC.o
                0x00001af0                RTC_init
 .text.GetTick  0x00001b24       0x20 SysTick.o
                0x00001b24                GetTick
 .text.__vector_9
                0x00001b44       0x32 SysTick.o
                0x00001b44                __vector_9
 .text.SysTick_init
                0x00001b76       0x12 SysTick.o
                0x00001b76                SysTick_init
 .text.i2c_Init
                0x00001b88        0x8 TWI.o
                0x00001b88                i2c_Init
 .text.i2c_start_cond
                0x00001b90        0xc TWI.o
                0x00001b90                i2c_start_cond
 .text.i2c_send_byte
                0x00001b9c        0xe TWI.o
                0x00001b9c                i2c_send_byte
 .text.i2c_stop_cond
                0x00001baa        0x6 TWI.o
                0x00001baa                i2c_stop_cond
 .text.i2c_get_byte
                0x00001bb0       0x1e TWI.o
                0x00001bb0                i2c_get_byte
 .text.set_zero
                0x00001bce        0xe ws2812.o
                0x00001bce                set_zero
 .text.set_one  0x00001bdc       0x1a ws2812.o
                0x00001bdc                set_one
 .text.ws2812_send_byte
                0x00001bf6       0x1e ws2812.o
                0x00001bf6                ws2812_send_byte
 .text.ws2812_init
                0x00001c14       0x12 ws2812.o
                0x00001c14                ws2812_init
 .text.libgcc.div
                0x00001c26       0x18 c:/program files (x86)/atmel/studio/7.0/toolchain/avr8/avr8-gnu-toolchain/bin/../lib/gcc/avr/5.4.0/avr4\libgcc.a(_udivmodqi4.o)
                0x00001c26                __udivmodqi4
 .text.libgcc.div
                0x00001c3e       0x1a c:/program files (x86)/atmel/studio/7.0/toolchain/avr8/avr8-gnu-toolchain/bin/../lib/gcc/avr/5.4.0/avr4\libgcc.a(_divmodqi4.o)
                0x00001c3e                __divmodqi4
 .text.libgcc.div
                0x00001c58       0x28 c:/program files (x86)/atmel/studio/7.0/toolchain/avr8/avr8-gnu-toolchain/bin/../lib/gcc/avr/5.4.0/avr4\libgcc.a(_udivmodhi4.o)
                0x00001c58                __udivmodhi4
 .text.libgcc.div
                0x00001c80       0x26 c:/program files (x86)/atmel/studio/7.0/toolchain/avr8/avr8-gnu-toolchain/bin/../lib/gcc/avr/5.4.0/avr4\libgcc.a(_divmodhi4.o)
                0x00001c80                _div
                0x00001c80                __divmodhi4
 .text.libgcc.div
                0x00001ca6       0x44 c:/program files (x86)/atmel/studio/7.0/toolchain/avr8/avr8-gnu-toolchain/bin/../lib/gcc/avr/5.4.0/avr4\libgcc.a(_udivmodsi4.o)
                0x00001ca6                __udivmodsi4
 .text.libgcc.div
                0x00001cea       0x28 c:/program files (x86)/atmel/studio/7.0/toolchain/avr8/avr8-gnu-toolchain/bin/../lib/gcc/avr/5.4.0/avr4\libgcc.a(_divmodsi4.o)
                0x00001cea                __divmodsi4
 .text.libgcc.div
                0x00001d12       0x10 c:/program files (x86)/atmel/studio/7.0/toolchain/avr8/avr8-gnu-toolchain/bin/../lib/gcc/avr/5.4.0/avr4\libgcc.a(_negsi2.o)
                0x00001d12                __negsi2
 .text.libgcc.mul
                0x00001d22       0x14 c:/program files (x86)/atmel/studio/7.0/toolchain/avr8/avr8-gnu-toolchain/bin/../lib/gcc/avr/5.4.0/avr4\libgcc.a(_muluhisi3.o)
                0x00001d22                __muluhisi3
 .text.libgcc.mul
                0x00001d36        0xc c:/program files (x86)/atmel/studio/7.0/toolchain/avr8/avr8-gnu-toolchain/bin/../lib/gcc/avr/5.4.0/avr4\libgcc.a(_mulshisi3.o)
                0x00001d36                __mulshisi3
                0x00001d3a                __mulohisi3
 .text.libgcc.mul
                0x00001d42       0x18 c:/program files (x86)/atmel/studio/7.0/toolchain/avr8/avr8-gnu-toolchain/bin/../lib/gcc/avr/5.4.0/avr4\libgcc.a(_umulhisi3.o)
                0x00001d42                __umulhisi3
 .text.avr-libc
                0x00001d5a       0x10 C:/Program Files (x86)/Atmel/Studio/7.0/Packs/atmel/ATmega_DFP/1.6.364/gcc/dev/atmega8a/avr4\libatmega8a.a(eerd_byte.o)
                0x00001d5a                eeprom_read_byte
 .text.avr-libc
                0x00001d6a        0xa C:/Program Files (x86)/Atmel/Studio/7.0/Packs/atmel/ATmega_DFP/1.6.364/gcc/dev/atmega8a/avr4\libatmega8a.a(eerd_word.o)
                0x00001d6a                eeprom_read_word
 .text.avr-libc
                0x00001d74       0x1a C:/Program Files (x86)/Atmel/Studio/7.0/Packs/atmel/ATmega_DFP/1.6.364/gcc/dev/atmega8a/avr4\libatmega8a.a(eewr_byte.o)
                0x00001d74                eeprom_write_byte
                0x00001d76                eeprom_write_r18
 .text.avr-libc
                0x00001d8e        0x6 C:/Program Files (x86)/Atmel/Studio/7.0/Packs/atmel/ATmega_DFP/1.6.364/gcc/dev/atmega8a/avr4\libatmega8a.a(eewr_word.o)
                0x00001d8e                eeprom_write_word
 .text.avr-libc
                0x00001d94       0x20 C:/Program Files (x86)/Atmel/Studio/7.0/Packs/atmel/ATmega_DFP/1.6.364/gcc/dev/atmega8a/avr4\libatmega8a.a(eerd_block.o)
                0x00001d94                eeprom_read_block
                0x00001d98                eeprom_read_blraw
                0x00001db4                . = ALIGN (0x2)
 *(.fini9)
 .fini9         0x00001db4        0x0 c:/program files (x86)/atmel/studio/7.0/toolchain/avr8/avr8-gnu-toolchain/bin/../lib/gcc/avr/5.4.0/avr4\libgcc.a(_exit.o)
                0x00001db4                _exit
                0x00001db4                exit
 *(.fini9)
 *(.fini8)
 *(.fini8)
 *(.fini7)
 *(.fini7)
 *(.fini6)
 *(.fini6)
 *(.fini5)
 *(.fini5)
 *(.fini4)
 *(.fini4)
 *(.fini3)
 *(.fini3)
 *(.fini2)
 *(.fini2)
 *(.fini1)
 *(.fini1)
 *(.fini0)
 .fini0         0x00001db4        0x4 c:/program files (x86)/atmel/studio/7.0/toolchain/avr8/avr8-gnu-toolchain/bin/../lib/gcc/avr/5.4.0/avr4\libgcc.a(_exit.o)
 *(.fini0)
                0x00001db8                _etext = .

.data           0x00800060        0xc load address 0x00001db8
                0x00800060                PROVIDE (__data_start, .)
 *(.data)
 *(.data*)
 .data.CurrentMenuItem
                0x00800060        0x2 main.o
 *(.gnu.linkonce.d*)
 *(.rodata)
 .rodata        0x00800062        0xa main.o
 *(.rodata*)
 *(.gnu.linkonce.r*)
                0x0080006c                . = ALIGN (0x2)
                0x0080006c                _edata = .
                0x0080006c                PROVIDE (__data_end, .)

.bss            0x0080006c       0xa7
                0x0080006c                PROVIDE (__bss_start, .)
 *(.bss)
 *(.bss*)
 .bss.state.1653
                0x0080006c        0x1 bmp180.o
 .bss.push_flag.1634
                0x0080006d        0x1 Buttons.o
 .bss.push_count.1633
                0x0080006e        0x2 Buttons.o
 .bss.button_state.1636
                0x00800070        0x1 Buttons.o
 .bss.button_count.1635
                0x00800071        0x1 Buttons.o
 .bss.time.1632
                0x00800072        0x2 Buttons.o
 .bss.buzz_count.1785
                0x00800074        0x1 Buzzer.o
 .bss.delay_buzz.1786
                0x00800075        0x2 Buzzer.o
 .bss.Number.2077
                0x00800077        0x1 Indication.o
 .bss.show_indicator_flag.2076
                0x00800078        0x1 Indication.o
 .bss.counter_blink.2075
                0x00800079        0x1 Indication.o
 .bss.current_delay.1951
                0x0080007a        0x2 LED.o
 .bss.value     0x0080007c        0x1 LED.o
 .bss.delay_for_leds
                0x0080007d        0x2 LED.o
 .bss.index.2412
                0x0080007f        0x1 main.o
 .bss.num.2411  0x00800080        0x1 main.o
 .bss.input_rtc_flag.2402
                0x00800081        0x1 main.o
 .bss.buzzer_flag
                0x00800082        0x1 main.o
 .bss.get_temp_press_flag
                0x00800083        0x1 main.o
 .bss.single_animation_flag
                0x00800084        0x1 main.o
 .bss.start_program_flag
                0x00800085        0x1 main.o
 .bss.bmp180_delay
                0x00800086        0x1 main.o
 .bss.bmp180_save_ticks
                0x00800087        0x2 main.o
 .bss.delay_animation
                0x00800089        0x2 main.o
 .bss.delay_for_exit
                0x0080008b        0x2 main.o
 .bss.MirrorTimeMs.1623
                0x0080008d        0x2 SysTick.o
 .bss.TimeMs    0x0080008f        0x2 SysTick.o
 *(COMMON)
 COMMON         0x00800091       0x46 bmp180.o
                0x00800091                p
                0x00800095                b2
                0x00800097                XSB
                0x0080009b                mb
                0x0080009d                ac1
                0x0080009f                b1
                0x008000a1                ac6
                0x008000a3                ac5
                0x008000a5                ac2
                0x008000a7                b4
                0x008000ab                x2
                0x008000af                LSB
                0x008000b3                md
                0x008000b5                ac4
                0x008000b7                b7
                0x008000bb                MSB
                0x008000bf                mc
                0x008000c1                b5
                0x008000c5                x3
                0x008000c9                x1
                0x008000cd                b3
                0x008000d1                b6
                0x008000d5                ac3
 COMMON         0x008000d7       0x2f EEPROM.o
                0x008000d7                Alarm
                0x008000e3                Ind
                0x008000ef                alarm_number
                0x008000f0                color_angle
                0x008000f2                time_change_flag
                0x008000f3                selectable_alarm_point
                0x008000f4                Status
                0x008000f5                i
                0x008000f6                flag_start_led
                0x008000f7                LED
                0x008000fa                Time
                0x00800105                no_points_global
 COMMON         0x00800106        0xd main.o
                0x00800106                bmp180_data
                0x0080010a                start_correct_flag
                0x0080010b                flag_settings_delay
                0x0080010c                correct_us
                0x0080010e                temp_or_press_flag
                0x0080010f                total_us
                0x00800113                PROVIDE (__bss_end, .)
                0x00001db8                __data_load_start = LOADADDR (.data)
                0x00001dc4                __data_load_end = (__data_load_start + SIZEOF (.data))

.noinit         0x00800113        0x1
                [!provide]                PROVIDE (__noinit_start, .)
 *(.noinit*)
 .noinit        0x00800113        0x1 main.o
                0x00800113                mcusr_mirror
                [!provide]                PROVIDE (__noinit_end, .)
                0x00800114                _end = .
                [!provide]                PROVIDE (__heap_start, .)

.eeprom         0x00810000       0x17
 *(.eeprom*)
 .eeprom        0x00810000       0x17 EEPROM.o
                0x00810015                color_eeprom
                0x00810017                __eeprom_end = .

.fuse
 *(.fuse)
 *(.lfuse)
 *(.hfuse)
 *(.efuse)

.lock
 *(.lock*)

.signature
 *(.signature*)

.user_signatures
 *(.user_signatures*)

.stab
 *(.stab)

.stabstr
 *(.stabstr)

.stab.excl
 *(.stab.excl)

.stab.exclstr
 *(.stab.exclstr)

.stab.index
 *(.stab.index)

.stab.indexstr
 *(.stab.indexstr)

.comment        0x00000000       0x30
 *(.comment)
 .comment       0x00000000       0x30 bmp180.o
                                 0x31 (size before relaxing)
 .comment       0x00000030       0x31 Buttons.o
 .comment       0x00000030       0x31 Buzzer.o
 .comment       0x00000030       0x31 EEPROM.o
 .comment       0x00000030       0x31 Indication.o
 .comment       0x00000030       0x31 LED.o
 .comment       0x00000030       0x31 main.o
 .comment       0x00000030       0x31 MenuSettings.o
 .comment       0x00000030       0x31 RTC.o
 .comment       0x00000030       0x31 SysTick.o
 .comment       0x00000030       0x31 TWI.o
 .comment       0x00000030       0x31 ws2812.o

.note.gnu.avr.deviceinfo
                0x00000000       0x3c
 .note.gnu.avr.deviceinfo
                0x00000000       0x3c C:/Program Files (x86)/Atmel/Studio/7.0/Packs/atmel/ATmega_DFP/1.6.364/gcc/dev/atmega8a/avr4/crtatmega8a.o

.note.gnu.build-id
 *(.note.gnu.build-id)

.debug
 *(.debug)

.line
 *(.line)

.debug_srcinfo
 *(.debug_srcinfo)

.debug_sfnames
 *(.debug_sfnames)

.debug_aranges  0x00000000      0x3a0
 *(.debug_aranges)
 .debug_aranges
                0x00000000       0x48 bmp180.o
 .debug_aranges
                0x00000048       0x20 Buttons.o
 .debug_aranges
                0x00000068       0x28 Buzzer.o
 .debug_aranges
                0x00000090       0x28 EEPROM.o
 .debug_aranges
                0x000000b8       0x28 Indication.o
 .debug_aranges
                0x000000e0       0x48 LED.o
 .debug_aranges
                0x00000128       0x50 main.o
 .debug_aranges
                0x00000178       0xb0 MenuSettings.o
 .debug_aranges
                0x00000228       0x30 RTC.o
 .debug_aranges
                0x00000258       0x30 SysTick.o
 .debug_aranges
                0x00000288       0x40 TWI.o
 .debug_aranges
                0x000002c8       0x38 ws2812.o
 .debug_aranges
                0x00000300       0x20 C:/Program Files (x86)/Atmel/Studio/7.0/Packs/atmel/ATmega_DFP/1.6.364/gcc/dev/atmega8a/avr4\libatmega8a.a(eerd_byte.o)
 .debug_aranges
                0x00000320       0x20 C:/Program Files (x86)/Atmel/Studio/7.0/Packs/atmel/ATmega_DFP/1.6.364/gcc/dev/atmega8a/avr4\libatmega8a.a(eerd_word.o)
 .debug_aranges
                0x00000340       0x20 C:/Program Files (x86)/Atmel/Studio/7.0/Packs/atmel/ATmega_DFP/1.6.364/gcc/dev/atmega8a/avr4\libatmega8a.a(eewr_byte.o)
 .debug_aranges
                0x00000360       0x20 C:/Program Files (x86)/Atmel/Studio/7.0/Packs/atmel/ATmega_DFP/1.6.364/gcc/dev/atmega8a/avr4\libatmega8a.a(eewr_word.o)
 .debug_aranges
                0x00000380       0x20 C:/Program Files (x86)/Atmel/Studio/7.0/Packs/atmel/ATmega_DFP/1.6.364/gcc/dev/atmega8a/avr4\libatmega8a.a(eerd_block.o)

.debug_pubnames
 *(.debug_pubnames)

.debug_info     0x00000000     0x3ea1
 *(.debug_info .gnu.linkonce.wi.*)
 .debug_info    0x00000000      0x48c C:/Program Files (x86)/Atmel/Studio/7.0/Packs/atmel/ATmega_DFP/1.6.364/gcc/dev/atmega8a/avr4/crtatmega8a.o
 .debug_info    0x0000048c      0x56c bmp180.o
 .debug_info    0x000009f8      0x14f Buttons.o
 .debug_info    0x00000b47       0xf7 Buzzer.o
 .debug_info    0x00000c3e      0x940 EEPROM.o
 .debug_info    0x0000157e      0x3d0 Indication.o
 .debug_info    0x0000194e      0x5eb LED.o
 .debug_info    0x00001f39      0xd44 main.o
 .debug_info    0x00002c7d      0x8c0 MenuSettings.o
 .debug_info    0x0000353d      0x2c2 RTC.o
 .debug_info    0x000037ff      0x172 SysTick.o
 .debug_info    0x00003971      0x116 TWI.o
 .debug_info    0x00003a87      0x121 ws2812.o
 .debug_info    0x00003ba8       0x98 C:/Program Files (x86)/Atmel/Studio/7.0/Packs/atmel/ATmega_DFP/1.6.364/gcc/dev/atmega8a/avr4\libatmega8a.a(eerd_byte.o)
 .debug_info    0x00003c40       0x98 C:/Program Files (x86)/Atmel/Studio/7.0/Packs/atmel/ATmega_DFP/1.6.364/gcc/dev/atmega8a/avr4\libatmega8a.a(eerd_word.o)
 .debug_info    0x00003cd8       0x98 C:/Program Files (x86)/Atmel/Studio/7.0/Packs/atmel/ATmega_DFP/1.6.364/gcc/dev/atmega8a/avr4\libatmega8a.a(eewr_byte.o)
 .debug_info    0x00003d70       0x98 C:/Program Files (x86)/Atmel/Studio/7.0/Packs/atmel/ATmega_DFP/1.6.364/gcc/dev/atmega8a/avr4\libatmega8a.a(eewr_word.o)
 .debug_info    0x00003e08       0x99 C:/Program Files (x86)/Atmel/Studio/7.0/Packs/atmel/ATmega_DFP/1.6.364/gcc/dev/atmega8a/avr4\libatmega8a.a(eerd_block.o)

.debug_abbrev   0x00000000     0x14b7
 *(.debug_abbrev)
 .debug_abbrev  0x00000000      0x44e C:/Program Files (x86)/Atmel/Studio/7.0/Packs/atmel/ATmega_DFP/1.6.364/gcc/dev/atmega8a/avr4/crtatmega8a.o
 .debug_abbrev  0x0000044e      0x17c bmp180.o
 .debug_abbrev  0x000005ca       0xa5 Buttons.o
 .debug_abbrev  0x0000066f       0xa3 Buzzer.o
 .debug_abbrev  0x00000712      0x14b EEPROM.o
 .debug_abbrev  0x0000085d      0x15c Indication.o
 .debug_abbrev  0x000009b9      0x1fc LED.o
 .debug_abbrev  0x00000bb5      0x316 main.o
 .debug_abbrev  0x00000ecb      0x1b8 MenuSettings.o
 .debug_abbrev  0x00001083      0x130 RTC.o
 .debug_abbrev  0x000011b3      0x11c SysTick.o
 .debug_abbrev  0x000012cf       0xb5 TWI.o
 .debug_abbrev  0x00001384       0xcf ws2812.o
 .debug_abbrev  0x00001453       0x14 C:/Program Files (x86)/Atmel/Studio/7.0/Packs/atmel/ATmega_DFP/1.6.364/gcc/dev/atmega8a/avr4\libatmega8a.a(eerd_byte.o)
 .debug_abbrev  0x00001467       0x14 C:/Program Files (x86)/Atmel/Studio/7.0/Packs/atmel/ATmega_DFP/1.6.364/gcc/dev/atmega8a/avr4\libatmega8a.a(eerd_word.o)
 .debug_abbrev  0x0000147b       0x14 C:/Program Files (x86)/Atmel/Studio/7.0/Packs/atmel/ATmega_DFP/1.6.364/gcc/dev/atmega8a/avr4\libatmega8a.a(eewr_byte.o)
 .debug_abbrev  0x0000148f       0x14 C:/Program Files (x86)/Atmel/Studio/7.0/Packs/atmel/ATmega_DFP/1.6.364/gcc/dev/atmega8a/avr4\libatmega8a.a(eewr_word.o)
 .debug_abbrev  0x000014a3       0x14 C:/Program Files (x86)/Atmel/Studio/7.0/Packs/atmel/ATmega_DFP/1.6.364/gcc/dev/atmega8a/avr4\libatmega8a.a(eerd_block.o)

.debug_line     0x00000000     0x3bcc
 *(.debug_line .debug_line.* .debug_line_end)
 .debug_line    0x00000000      0x10a C:/Program Files (x86)/Atmel/Studio/7.0/Packs/atmel/ATmega_DFP/1.6.364/gcc/dev/atmega8a/avr4/crtatmega8a.o
 .debug_line    0x0000010a      0x418 bmp180.o
 .debug_line    0x00000522      0x36f Buttons.o
 .debug_line    0x00000891      0x38e Buzzer.o
 .debug_line    0x00000c1f      0x4e8 EEPROM.o
 .debug_line    0x00001107      0x424 Indication.o
 .debug_line    0x0000152b      0x519 LED.o
 .debug_line    0x00001a44      0x935 main.o
 .debug_line    0x00002379      0x9db MenuSettings.o
 .debug_line    0x00002d54      0x2d7 RTC.o
 .debug_line    0x0000302b      0x31e SysTick.o
 .debug_line    0x00003349      0x2e0 TWI.o
 .debug_line    0x00003629      0x324 ws2812.o
 .debug_line    0x0000394d       0x7a C:/Program Files (x86)/Atmel/Studio/7.0/Packs/atmel/ATmega_DFP/1.6.364/gcc/dev/atmega8a/avr4\libatmega8a.a(eerd_byte.o)
 .debug_line    0x000039c7       0x67 C:/Program Files (x86)/Atmel/Studio/7.0/Packs/atmel/ATmega_DFP/1.6.364/gcc/dev/atmega8a/avr4\libatmega8a.a(eerd_word.o)
 .debug_line    0x00003a2e       0x98 C:/Program Files (x86)/Atmel/Studio/7.0/Packs/atmel/ATmega_DFP/1.6.364/gcc/dev/atmega8a/avr4\libatmega8a.a(eewr_byte.o)
 .debug_line    0x00003ac6       0x5b C:/Program Files (x86)/Atmel/Studio/7.0/Packs/atmel/ATmega_DFP/1.6.364/gcc/dev/atmega8a/avr4\libatmega8a.a(eewr_word.o)
 .debug_line    0x00003b21       0xab C:/Program Files (x86)/Atmel/Studio/7.0/Packs/atmel/ATmega_DFP/1.6.364/gcc/dev/atmega8a/avr4\libatmega8a.a(eerd_block.o)

.debug_frame    0x00000000      0x6a0
 *(.debug_frame)
 .debug_frame   0x00000000       0xf0 bmp180.o
 .debug_frame   0x000000f0       0x24 Buttons.o
 .debug_frame   0x00000114       0x34 Buzzer.o
 .debug_frame   0x00000148       0x78 EEPROM.o
 .debug_frame   0x000001c0       0x64 Indication.o
 .debug_frame   0x00000224       0xc0 LED.o
 .debug_frame   0x000002e4       0xfc main.o
 .debug_frame   0x000003e0      0x144 MenuSettings.o
 .debug_frame   0x00000524       0x58 RTC.o
 .debug_frame   0x0000057c       0x58 SysTick.o
 .debug_frame   0x000005d4       0x64 TWI.o
 .debug_frame   0x00000638       0x68 ws2812.o

.debug_str      0x00000000     0x88a8
 *(.debug_str)
 .debug_str     0x00000000      0x17a C:/Program Files (x86)/Atmel/Studio/7.0/Packs/atmel/ATmega_DFP/1.6.364/gcc/dev/atmega8a/avr4/crtatmega8a.o
 .debug_str     0x0000017a     0x58ab bmp180.o
                               0x596f (size before relaxing)
 .debug_str     0x00005a25      0x65f Buttons.o
                               0x5edc (size before relaxing)
 .debug_str     0x00006084      0x41c Buzzer.o
                               0x620e (size before relaxing)
 .debug_str     0x000064a0      0x4cc EEPROM.o
                               0x6752 (size before relaxing)
 .debug_str     0x0000696c      0x490 Indication.o
                               0x6b37 (size before relaxing)
 .debug_str     0x00006dfc       0x94 LED.o
                               0x6760 (size before relaxing)
 .debug_str     0x00006e90     0x1814 main.o
                               0x8431 (size before relaxing)
 .debug_str     0x000086a4       0xe8 MenuSettings.o
                               0x6801 (size before relaxing)
 .debug_str     0x0000878c       0x44 RTC.o
                               0x596e (size before relaxing)
 .debug_str     0x000087d0       0x50 SysTick.o
                               0x5e0b (size before relaxing)
 .debug_str     0x00008820       0x3e TWI.o
                               0x58bb (size before relaxing)
 .debug_str     0x0000885e       0x4a ws2812.o
                               0x5890 (size before relaxing)

.debug_loc      0x00000000     0x11d9
 *(.debug_loc)
 .debug_loc     0x00000000      0x51f bmp180.o
 .debug_loc     0x0000051f      0x1d7 EEPROM.o
 .debug_loc     0x000006f6       0xd0 Indication.o
 .debug_loc     0x000007c6      0x34a LED.o
 .debug_loc     0x00000b10      0x31a main.o
 .debug_loc     0x00000e2a       0x28 MenuSettings.o
 .debug_loc     0x00000e52      0x194 RTC.o
 .debug_loc     0x00000fe6       0x7c SysTick.o
 .debug_loc     0x00001062       0x86 TWI.o
 .debug_loc     0x000010e8       0xf1 ws2812.o

.debug_macinfo
 *(.debug_macinfo)

.debug_weaknames
 *(.debug_weaknames)

.debug_funcnames
 *(.debug_funcnames)

.debug_typenames
 *(.debug_typenames)

.debug_varnames
 *(.debug_varnames)

.debug_pubtypes
 *(.debug_pubtypes)

.debug_ranges   0x00000000      0x270
 *(.debug_ranges)
 .debug_ranges  0x00000000       0x38 bmp180.o
 .debug_ranges  0x00000038       0x10 Buttons.o
 .debug_ranges  0x00000048       0x18 Buzzer.o
 .debug_ranges  0x00000060       0x18 EEPROM.o
 .debug_ranges  0x00000078       0x18 Indication.o
 .debug_ranges  0x00000090       0x38 LED.o
 .debug_ranges  0x000000c8       0x58 main.o
 .debug_ranges  0x00000120       0xa0 MenuSettings.o
 .debug_ranges  0x000001c0       0x38 RTC.o
 .debug_ranges  0x000001f8       0x20 SysTick.o
 .debug_ranges  0x00000218       0x30 TWI.o
 .debug_ranges  0x00000248       0x28 ws2812.o

.debug_macro    0x00000000     0x3363
 *(.debug_macro)
 .debug_macro   0x00000000       0xa7 bmp180.o
 .debug_macro   0x000000a7      0xa48 bmp180.o
 .debug_macro   0x00000aef       0x10 bmp180.o
 .debug_macro   0x00000aff      0x1c9 bmp180.o
 .debug_macro   0x00000cc8      0x2fc bmp180.o
 .debug_macro   0x00000fc4       0x9e bmp180.o
 .debug_macro   0x00001062      0xae7 bmp180.o
 .debug_macro   0x00001b49      0x13a bmp180.o
 .debug_macro   0x00001c83       0xbd bmp180.o
 .debug_macro   0x00001d40       0x34 bmp180.o
 .debug_macro   0x00001d74       0x18 bmp180.o
 .debug_macro   0x00001d8c       0x6c bmp180.o
 .debug_macro   0x00001df8       0xcb Buttons.o
 .debug_macro   0x00001ec3       0x69 Buttons.o
 .debug_macro   0x00001f2c       0x2e Buttons.o
 .debug_macro   0x00001f5a       0xc9 Buzzer.o
 .debug_macro   0x00002023       0x16 Buzzer.o
 .debug_macro   0x00002039       0x1c Buzzer.o
 .debug_macro   0x00002055      0x10e Buzzer.o
 .debug_macro   0x00002163       0x66 Buzzer.o
 .debug_macro   0x000021c9      0x12a EEPROM.o
 .debug_macro   0x000022f3       0x16 EEPROM.o
 .debug_macro   0x00002309       0x34 EEPROM.o
 .debug_macro   0x0000233d       0x86 EEPROM.o
 .debug_macro   0x000023c3       0x33 EEPROM.o
 .debug_macro   0x000023f6      0x14e Indication.o
 .debug_macro   0x00002544       0x10 Indication.o
 .debug_macro   0x00002554      0x166 Indication.o
 .debug_macro   0x000026ba       0x60 Indication.o
 .debug_macro   0x0000271a       0x34 Indication.o
 .debug_macro   0x0000274e      0x12a LED.o
 .debug_macro   0x00002878      0x16d LED.o
 .debug_macro   0x000029e5       0x39 LED.o
 .debug_macro   0x00002a1e       0x35 LED.o
 .debug_macro   0x00002a53       0x60 LED.o
 .debug_macro   0x00002ab3      0x1b7 main.o
 .debug_macro   0x00002c6a       0x54 main.o
 .debug_macro   0x00002cbe       0x10 main.o
 .debug_macro   0x00002cce       0xee main.o
 .debug_macro   0x00002dbc       0x10 main.o
 .debug_macro   0x00002dcc       0x1c main.o
 .debug_macro   0x00002de8       0x5a main.o
 .debug_macro   0x00002e42      0x160 main.o
 .debug_macro   0x00002fa2      0x126 MenuSettings.o
 .debug_macro   0x000030c8       0xb2 RTC.o
 .debug_macro   0x0000317a       0xa9 SysTick.o
 .debug_macro   0x00003223       0xa3 TWI.o
 .debug_macro   0x000032c6       0x9d ws2812.o
OUTPUT(Retronica_1.1.elf elf32-avr)
LOAD linker stubs
